Archive member included to satisfy reference by file (symbol)

d:/altera18.0/nios2eds/bin/gnu/h-x86_64-mingw32/bin/../lib/gcc/nios2-elf/5.3.0\libgcc.a(lib2-divmod.o)
                              obj/default/src/region.o (__modsi3)
d:/altera18.0/nios2eds/bin/gnu/h-x86_64-mingw32/bin/../lib/gcc/nios2-elf/5.3.0/../../../../../H-x86_64-mingw32/nios2-elf/lib\libc.a(lib_a-memcpy.o)
                              obj/default/src/fpga2nios_protocol.o (memcpy)
d:/altera18.0/nios2eds/bin/gnu/h-x86_64-mingw32/bin/../lib/gcc/nios2-elf/5.3.0/../../../../../H-x86_64-mingw32/nios2-elf/lib\libc.a(lib_a-memset.o)
                              obj/default/src/bsp.o (memset)
d:/altera18.0/nios2eds/bin/gnu/h-x86_64-mingw32/bin/../lib/gcc/nios2-elf/5.3.0/../../../../../H-x86_64-mingw32/nios2-elf/lib\libc.a(lib_a-strcmp.o)
                              obj/default/src/tim561.o (strcmp)
d:/altera18.0/nios2eds/bin/gnu/h-x86_64-mingw32/bin/../lib/gcc/nios2-elf/5.3.0/../../../../../H-x86_64-mingw32/nios2-elf/lib\libc.a(lib_a-strlen.o)
                              obj/default/src/main.o (strlen)
d:/altera18.0/nios2eds/bin/gnu/h-x86_64-mingw32/bin/../lib/gcc/nios2-elf/5.3.0/../../../../../H-x86_64-mingw32/nios2-elf/lib\libc.a(lib_a-strncmp.o)
                              obj/default/src/sick_protocol.o (strncmp)
../scan_bsp/\libhal_bsp.a(alt_flash_dev.o)
                              obj/default/src/remote_update.o (alt_flash_open_dev)
../scan_bsp/\libhal_bsp.a(alt_iic.o)
                              obj/default/src/user_interrupt.o (alt_ic_isr_register)
../scan_bsp/\libhal_bsp.a(alt_iic_isr_register.o)
                              ../scan_bsp/\libhal_bsp.a(alt_iic.o) (alt_iic_isr_register)
../scan_bsp/\libhal_bsp.a(alt_irq_entry.o)
                              ../scan_bsp/\libhal_bsp.a(alt_iic_isr_register.o) (alt_irq_entry)
../scan_bsp/\libhal_bsp.a(alt_irq_handler.o)
                              ../scan_bsp/\libhal_bsp.a(alt_iic_isr_register.o) (alt_irq)
../scan_bsp/\libhal_bsp.a(alt_irq_vars.o)
                              ../scan_bsp/\libhal_bsp.a(alt_iic.o) (alt_irq_active)
../scan_bsp/\libhal_bsp.a(alt_load.o)
                              ../scan_bsp//obj/HAL/src/crt0.o (alt_load)
../scan_bsp/\libhal_bsp.a(alt_main.o)
                              ../scan_bsp//obj/HAL/src/crt0.o (alt_main)
../scan_bsp/\libhal_bsp.a(alt_sys_init.o)
                              ../scan_bsp/\libhal_bsp.a(alt_main.o) (alt_irq_init)
../scan_bsp/\libhal_bsp.a(altera_avalon_epcs_flash_controller.o)
                              ../scan_bsp/\libhal_bsp.a(alt_sys_init.o) (alt_epcs_flash_init)
../scan_bsp/\libhal_bsp.a(altera_avalon_fifo_util.o)
                              obj/default/src/main.o (altera_avalon_fifo_init)
../scan_bsp/\libhal_bsp.a(altera_avalon_jtag_uart_fd.o)
                              ../scan_bsp/\libhal_bsp.a(alt_sys_init.o) (altera_avalon_jtag_uart_read_fd)
../scan_bsp/\libhal_bsp.a(altera_avalon_jtag_uart_init.o)
                              ../scan_bsp/\libhal_bsp.a(alt_sys_init.o) (altera_avalon_jtag_uart_init)
../scan_bsp/\libhal_bsp.a(altera_avalon_jtag_uart_ioctl.o)
                              ../scan_bsp/\libhal_bsp.a(altera_avalon_jtag_uart_fd.o) (altera_avalon_jtag_uart_ioctl)
../scan_bsp/\libhal_bsp.a(altera_avalon_jtag_uart_read.o)
                              ../scan_bsp/\libhal_bsp.a(altera_avalon_jtag_uart_fd.o) (altera_avalon_jtag_uart_read)
../scan_bsp/\libhal_bsp.a(altera_avalon_jtag_uart_write.o)
                              ../scan_bsp/\libhal_bsp.a(altera_avalon_jtag_uart_fd.o) (altera_avalon_jtag_uart_write)
../scan_bsp/\libhal_bsp.a(altera_avalon_timer_sc.o)
                              ../scan_bsp/\libhal_bsp.a(alt_sys_init.o) (alt_avalon_timer_sc_init)
../scan_bsp/\libhal_bsp.a(epcs_commands.o)
                              ../scan_bsp/\libhal_bsp.a(altera_avalon_epcs_flash_controller.o) (epcs_sector_erase)
../scan_bsp/\libhal_bsp.a(alt_alarm_start.o)
                              ../scan_bsp/\libhal_bsp.a(altera_avalon_jtag_uart_init.o) (alt_alarm_start)
../scan_bsp/\libhal_bsp.a(alt_close.o)
                              ../scan_bsp/\libhal_bsp.a(alt_main.o) (close)
../scan_bsp/\libhal_bsp.a(alt_dcache_flush_all.o)
                              ../scan_bsp/\libhal_bsp.a(alt_load.o) (alt_dcache_flush_all)
../scan_bsp/\libhal_bsp.a(alt_dev.o)
                              ../scan_bsp/\libhal_bsp.a(alt_sys_init.o) (alt_dev_list)
../scan_bsp/\libhal_bsp.a(alt_dev_llist_insert.o)
                              ../scan_bsp/\libhal_bsp.a(alt_sys_init.o) (alt_dev_llist_insert)
../scan_bsp/\libhal_bsp.a(alt_do_ctors.o)
                              ../scan_bsp/\libhal_bsp.a(alt_main.o) (_do_ctors)
../scan_bsp/\libhal_bsp.a(alt_do_dtors.o)
                              ../scan_bsp/\libhal_bsp.a(alt_main.o) (_do_dtors)
../scan_bsp/\libhal_bsp.a(alt_errno.o)
                              ../scan_bsp/\libhal_bsp.a(alt_close.o) (alt_errno)
../scan_bsp/\libhal_bsp.a(alt_exception_entry.o)
[...]
Memory Configuration

Name             Origin             Length             Attributes
onchip_memory_BEFORE_EXCEPTION 0x0000000000040000 0x0000000000000020
onchip_memory    0x0000000000040020 0x000000000002cfe0
reset            0x0000000000081000 0x0000000000000020
epcs_flash       0x0000000000081020 0x00000000000007e0
*default*        0x0000000000000000 0xffffffffffffffff

Linker script and memory map

LOAD ../scan_bsp//obj/HAL/src/crt0.o
LOAD obj/default/src/bsp.o
LOAD obj/default/src/device.o
LOAD obj/default/src/fpga2nios_protocol.o
LOAD obj/default/src/iic.o
LOAD obj/default/src/led.o
LOAD obj/default/src/main.o
LOAD obj/default/src/nios2fpga_protocol.o
LOAD obj/default/src/pc2dev.o
LOAD obj/default/src/queue.o
LOAD obj/default/src/region.o
LOAD obj/default/src/remote_update.o
LOAD obj/default/src/sick_protocol.o
LOAD obj/default/src/socket.o
LOAD obj/default/src/tim561.o
LOAD obj/default/src/user_interrupt.o
LOAD obj/default/src/w5500.o
LOAD d:/altera18.0/nios2eds/bin/gnu/h-x86_64-mingw32/bin/../lib/gcc/nios2-elf/5.3.0/../../../../../H-x86_64-mingw32/nios2-elf/lib\libstdc++.a
LOAD d:/altera18.0/nios2eds/bin/gnu/h-x86_64-mingw32/bin/../lib/gcc/nios2-elf/5.3.0/../../../../../H-x86_64-mingw32/nios2-elf/lib\libm.a
LOAD d:/altera18.0/nios2eds/bin/gnu/h-x86_64-mingw32/bin/../lib/gcc/nios2-elf/5.3.0\libgcc.a
START GROUP
LOAD d:/altera18.0/nios2eds/bin/gnu/h-x86_64-mingw32/bin/../lib/gcc/nios2-elf/5.3.0/../../../../../H-x86_64-mingw32/nios2-elf/lib\libc.a
LOAD d:/altera18.0/nios2eds/bin/gnu/h-x86_64-mingw32/bin/../lib/gcc/nios2-elf/5.3.0\libgcc.a
LOAD ../scan_bsp/\libhal_bsp.a
LOAD d:/altera18.0/nios2eds/bin/gnu/h-x86_64-mingw32/bin/../lib/gcc/nios2-elf/5.3.0/../../../../../H-x86_64-mingw32/nios2-elf/lib\libm.a
END GROUP
LOAD d:/altera18.0/nios2eds/bin/gnu/h-x86_64-mingw32/bin/../lib/gcc/nios2-elf/5.3.0\libgcc.a
                0x0000000000040000                __alt_mem_onchip_memory = 0x40000
                0x0000000000081000                __alt_mem_epcs_flash = 0x81000

.entry          0x0000000000081000       0x20
 *(.entry)
 .entry         0x0000000000081000       0x20 ../scan_bsp//obj/HAL/src/crt0.o
                0x0000000000081000                __reset

.exceptions     0x0000000000040020      0x224
                0x0000000000040020                PROVIDE (__ram_exceptions_start, ABSOLUTE (.))
                0x0000000000040020                . = ALIGN (0x20)
 *(.irq)
 *(.exceptions.entry.label)
 .exceptions.entry.label
                0x0000000000040020        0x0 ../scan_bsp/\libhal_bsp.a(alt_irq_entry.o)
                0x0000000000040020                alt_irq_entry
 .exceptions.entry.label
                0x0000000000040020        0x0 ../scan_bsp/\libhal_bsp.a(alt_exception_entry.o)
                0x0000000000040020                alt_exception
 *(.exceptions.entry.user)
 *(.exceptions.entry.ecc_fatal)
 *(.exceptions.entry)
 .exceptions.entry
                0x0000000000040020       0x54 ../scan_bsp/\libhal_bsp.a(alt_exception_entry.o)
 *(.exceptions.irqtest.user)
 *(.exceptions.irqtest)
 .exceptions.irqtest
                0x0000000000040074       0x10 ../scan_bsp/\libhal_bsp.a(alt_irq_entry.o)
 *(.exceptions.irqhandler.user)
 *(.exceptions.irqhandler)
 .exceptions.irqhandler
                0x0000000000040084        0x4 ../scan_bsp/\libhal_bsp.a(alt_irq_entry.o)
 *(.exceptions.irqreturn.user)
 *(.exceptions.irqreturn)
 .exceptions.irqreturn
                0x0000000000040088        0x4 ../scan_bsp/\libhal_bsp.a(alt_irq_entry.o)
 *(.exceptions.notirq.label)
 .exceptions.notirq.label
                0x000000000004008c        0x0 ../scan_bsp/\libhal_bsp.a(alt_irq_entry.o)
 *(.exceptions.notirq.user)
 *(.exceptions.notirq)
 .exceptions.notirq
                0x000000000004008c        0x8 ../scan_bsp/\libhal_bsp.a(alt_exception_entry.o)
 *(.exceptions.soft.user)
 *(.exceptions.soft)
 *(.exceptions.unknown.user)
 *(.exceptions.unknown)
 .exceptions.unknown
                0x0000000000040094       0x14 ../scan_bsp/\libhal_bsp.a(alt_exception_entry.o)
 *(.exceptions.exit.label)
 .exceptions.exit.label
                0x00000000000400a8        0x0 ../scan_bsp/\libhal_bsp.a(alt_irq_entry.o)
 .exceptions.exit.label
                0x00000000000400a8        0x0 ../scan_bsp/\libhal_bsp.a(alt_exception_entry.o)
 *(.exceptions.exit.user)
 *(.exceptions.exit)
 .exceptions.exit
                0x00000000000400a8       0x54 ../scan_bsp/\libhal_bsp.a(alt_exception_entry.o)
 *(.exceptions)
 .exceptions    0x00000000000400fc       0xd4 ../scan_bsp/\libhal_bsp.a(alt_irq_handler.o)
                0x00000000000400fc                alt_irq_handler
 .exceptions    0x00000000000401d0       0x74 ../scan_bsp/\libhal_bsp.a(alt_instruction_exception_entry.o)
                0x00000000000401d0                alt_instruction_exception_entry
                0x0000000000040244                PROVIDE (__ram_exceptions_end, ABSOLUTE (.))
                0x0000000000040020                PROVIDE (__flash_exceptions_start, LOADADDR (.exceptions))

.text           0x0000000000040244     0xd12c
                [!provide]                        PROVIDE (stext, ABSOLUTE (.))
 *(.interp)
 *(.hash)
 *(.dynsym)
 *(.dynstr)
 *(.gnu.version)
 *(.gnu.version_d)
 *(.gnu.version_r)
 *(.rel.init)
 *(.rela.init)
 *(.rel.text .rel.text.* .rel.gnu.linkonce.t.*)
 *(.rela.text .rela.text.* .rela.gnu.linkonce.t.*)
 *(.rel.fini)
 *(.rela.fini)
 *(.rel.rodata .rel.rodata.* .rel.gnu.linkonce.r.*)
 *(.rela.rodata .rela.rodata.* .rela.gnu.linkonce.r.*)
 *(.rel.data .rel.data.* .rel.gnu.linkonce.d.*)
 *(.rela.data .rela.data.* .rela.gnu.linkonce.d.*)
 *(.rel.tdata .rel.tdata.* .rel.gnu.linkonce.td.*)
 *(.rela.tdata .rela.tdata.* .rela.gnu.linkonce.td.*)
 *(.rel.tbss .rel.tbss.* .rel.gnu.linkonce.tb.*)
 *(.rela.tbss .rela.tbss.* .rela.gnu.linkonce.tb.*)
 *(.rel.ctors)
 *(.rela.ctors)
 *(.rel.dtors)
 *(.rela.dtors)
 *(.rel.got)
 *(.rela.got)
 *(.rel.sdata .rel.sdata.* .rel.gnu.linkonce.s.*)
 *(.rela.sdata .rela.sdata.* .rela.gnu.linkonce.s.*)
 *(.rel.sbss .rel.sbss.* .rel.gnu.linkonce.sb.*)
 *(.rela.sbss .rela.sbss.* .rela.gnu.linkonce.sb.*)
 *(.rel.sdata2 .rel.sdata2.* .rel.gnu.linkonce.s2.*)
 *(.rela.sdata2 .rela.sdata2.* .rela.gnu.linkonce.s2.*)
 *(.rel.sbss2 .rel.sbss2.* .rel.gnu.linkonce.sb2.*)
 *(.rela.sbss2 .rela.sbss2.* .rela.gnu.linkonce.sb2.*)
 *(.rel.bss .rel.bss.* .rel.gnu.linkonce.b.*)
 *(.rela.bss .rela.bss.* .rela.gnu.linkonce.b.*)
 *(.rel.plt)
 *(.rela.plt)
 *(.rel.dyn)
 *(.init)
 *(.plt)
 *(.text .stub .text.* .gnu.linkonce.t.*)
 .text          0x0000000000040244       0x3c ../scan_bsp//obj/HAL/src/crt0.o
                0x0000000000040244                _start
 .text          0x0000000000040280      0x8f8 obj/default/src/bsp.o
                0x0000000000040280                delay_ms
                0x00000000000402c8                delay_us
                0x0000000000040334                tim561_run
                0x0000000000040a8c                test
 .text          0x0000000000040b78      0x324 obj/default/src/device.o
                0x0000000000040b78                Reset_W5500
                0x0000000000040bd0                reboot
                0x0000000000040c14                set_network
                0x0000000000040ca0                set_default
 .text          0x0000000000040e9c      0xc24 obj/default/src/fpga2nios_protocol.o
                0x0000000000040fd0                big_swap_little
                0x000000000004102c                fpga_is_has_data
                0x0000000000041074                read_fpga_data
                0x00000000000410b8                fpga2nios_parse
                0x00000000000417c0                process_motor_waring
                0x0000000000041884                process_ld_waring
                0x0000000000041910                process_window_dust_waring
                0x00000000000419c4                process_sys_temp_waring
 .text          0x0000000000041ac0      0x8fc obj/default/src/iic.o
                0x0000000000041da0                iic_write
                0x0000000000041f28                eeprom_write_byte
                0x0000000000041fd4                eeprom_write_page
                0x00000000000421d4                eeprom_read_byte
                0x00000000000422a4                eeprom_sequential_read
 .text          0x00000000000423bc       0x70 obj/default/src/led.o
                0x00000000000423bc                led_power_light
                0x00000000000423f4                led_status_light
 .text          0x000000000004242c      0xae0 obj/default/src/main.o
                0x000000000004242c                init_avalon_fifo
                0x00000000000424b4                main
 .text          0x0000000000042f0c      0x8ec obj/default/src/nios2fpga_protocol.o
                0x0000000000042f84                motor_init
                0x0000000000042fa4                nios2fpga_data_packet
                0x00000000000430b8                nios2fpga_data_write
                0x0000000000043140                set_laser_paramter
                0x00000000000431b0                init_fpga_sys
                0x0000000000043674                close_peripheral_dev
                0x0000000000043694                write_laser_presdo
 .text          0x00000000000437f8     0x1fa8 obj/default/src/pc2dev.o
                0x00000000000437f8                pc_data_to_fpga
                0x000000000004390c                pc2dev_parse
                0x0000000000045024                pc2dev_packet
 .text          0x00000000000457a0      0x2e4 obj/default/src/queue.o
                0x00000000000457a0                queue_init
                0x000000000004582c                queue_clear
                0x0000000000045868                queue_push
                0x00000000000458e8                queue_pop
                0x0000000000045964                queue_count
                0x00000000000459dc                queue_is_full
                0x0000000000045a44                queue_is_empty
 .text          0x0000000000045a84      0x498 obj/default/src/region.o
                0x0000000000045a84                region_save2eeprom
                0x0000000000045b24                region_save2fpga
                0x0000000000045c74                region_read_from_rom
                0x0000000000045cec                save_sys_para
                0x0000000000045d48                read_sys_para
                0x0000000000045edc                rd_switch_io_value
 .text          0x0000000000045f1c      0x220 obj/default/src/remote_update.o
                0x0000000000045f1c                image_write
                0x0000000000046014                image_read
                0x00000000000460ac                image_erase
 .text          0x000000000004613c      0xb08 obj/default/src/sick_protocol.o
                0x00000000000462ac                sick_protocol_process
                0x0000000000046a74                sick_pos_packet
 .text          0x0000000000046c44      0xf78 obj/default/src/socket.o
                0x0000000000046c44                socket
                0x0000000000046e0c                close_socket
                0x0000000000046e8c                listen
                0x0000000000046f24                connect
                0x00000000000471d4                disconnect
                0x000000000004723c                send
                0x00000000000473f4                recv
                0x0000000000047494                sendto
                0x0000000000047730                recvfrom
 .text          0x0000000000047bbc       0x88 obj/default/src/tim561.o
                0x0000000000047bbc                find_index_old
 .text          0x0000000000047c44      0x394 obj/default/src/user_interrupt.o
                0x0000000000047c44                timer_initial
                0x0000000000047cc0                timer_isr_interrupt
                0x0000000000047f78                watchdog_init
                0x0000000000047fa8                watchdog_feed
 .text          0x0000000000047fd8     0x1248 obj/default/src/w5500.o
                0x0000000000047fd8                IINCHIP_CSoff
                0x0000000000048008                IINCHIP_CSon
                0x0000000000048038                getIINCHIP_RxMAX
                0x0000000000048074                getIINCHIP_TxMAX
                0x00000000000480b0                IINCHIP_SpiSendData
                0x000000000004810c                SPI_I2S_ReceiveData
                0x0000000000048184                IINCHIP_WRITE
                0x0000000000048210                IINCHIP_READ
                0x00000000000482b4                wiz_write_buf
                0x0000000000048378                wiz_read_buf
                0x00000000000484ec                iinchip_init
                0x000000000004851c                sysinit
                0x00000000000488d4                setGAR
                0x0000000000048910                getGWIP
                0x000000000004894c                setSUBR
                0x0000000000048988                setSHAR
                0x00000000000489c4                setSIPR
                0x0000000000048a00                setkeepalive
                0x0000000000048a48                getGAR
                0x0000000000048a84                getSUBR
                0x0000000000048ac0                getSHAR
                0x0000000000048afc                getSIPR
                0x0000000000048b38                setMR
                0x0000000000048b78                getIR
                0x0000000000048ba4                setRTR
                0x0000000000048c00                setRCR
                0x0000000000048c40                clearIR
                0x0000000000048c9c                setSn_MSS
                0x0000000000048d20                getSn_IR
                0x0000000000048d60                getSn_SR
                0x0000000000048da0                getSn_TX_FSR
                0x0000000000048e84                getSn_RX_RSR
                0x0000000000048f68                send_data_processing
                0x0000000000049098                recv_data_processing
                0x00000000000491c8                setSn_IR
 .text          0x0000000000049220      0x1b4 d:/altera18.0/nios2eds/bin/gnu/h-x86_64-mingw32/bin/../lib/gcc/nios2-elf/5.3.0\libgcc.a(lib2-divmod.o)
                0x0000000000049220                __divsi3
                0x00000000000492a4                __modsi3
                0x0000000000049318                __udivsi3
                0x000000000004937c                __umodsi3
 .text          0x00000000000493d4        0x0 d:/altera18.0/nios2eds/bin/gnu/h-x86_64-mingw32/bin/../lib/gcc/nios2-elf/5.3.0/../../../../../H-x86_64-mingw32/nios2-elf/lib\libc.a(lib_a-memcpy.o)
 .text.memcpy   0x00000000000493d4      0x148 d:/altera18.0/nios2eds/bin/gnu/h-x86_64-mingw32/bin/../lib/gcc/nios2-elf/5.3.0/../../../../../H-x86_64-mingw32/nios2-elf/lib\libc.a(lib_a-memcpy.o)
                0x00000000000493d4                memcpy
 .text          0x000000000004951c        0x0 d:/altera18.0/nios2eds/bin/gnu/h-x86_64-mingw32/bin/../lib/gcc/nios2-elf/5.3.0/../../../../../H-x86_64-mingw32/nios2-elf/lib\libc.a(lib_a-memset.o)
 .text.memset   0x000000000004951c      0x128 d:/altera18.0/nios2eds/bin/gnu/h-x86_64-mingw32/bin/../lib/gcc/nios2-elf/5.3.0/../../../../../H-x86_64-mingw32/nios2-elf/lib\libc.a(lib_a-memset.o)
                0x000000000004951c                memset
 .text          0x0000000000049644        0x0 d:/altera18.0/nios2eds/bin/gnu/h-x86_64-mingw32/bin/../lib/gcc/nios2-elf/5.3.0/../../../../../H-x86_64-mingw32/nios2-elf/lib\libc.a(lib_a-strcmp.o)
 .text.strcmp   0x0000000000049644       0xdc d:/altera18.0/nios2eds/bin/gnu/h-x86_64-mingw32/bin/../lib/gcc/nios2-elf/5.3.0/../../../../../H-x86_64-mingw32/nios2-elf/lib\libc.a(lib_a-strcmp.o)
                0x0000000000049644                strcmp
 .text          0x0000000000049720        0x0 d:/altera18.0/nios2eds/bin/gnu/h-x86_64-mingw32/bin/../lib/gcc/nios2-elf/5.3.0/../../../../../H-x86_64-mingw32/nios2-elf/lib\libc.a(lib_a-strlen.o)
 .text.strlen   0x0000000000049720       0x98 d:/altera18.0/nios2eds/bin/gnu/h-x86_64-mingw32/bin/../lib/gcc/nios2-elf/5.3.0/../../../../../H-x86_64-mingw32/nios2-elf/lib\libc.a(lib_a-strlen.o)
                0x0000000000049720                strlen
 .text          0x00000000000497b8        0x0 d:/altera18.0/nios2eds/bin/gnu/h-x86_64-mingw32/bin/../lib/gcc/nios2-elf/5.3.0/../../../../../H-x86_64-mingw32/nios2-elf/lib\libc.a(lib_a-strncmp.o)
 .text.strncmp  0x00000000000497b8       0xd0 d:/altera18.0/nios2eds/bin/gnu/h-x86_64-mingw32/bin/../lib/gcc/nios2-elf/5.3.0/../../../../../H-x86_64-mingw32/nios2-elf/lib\libc.a(lib_a-strncmp.o)
                0x00000000000497b8                strncmp
 .text          0x0000000000049888       0xbc ../scan_bsp/\libhal_bsp.a(alt_flash_dev.o)
                0x0000000000049888                alt_flash_open_dev
                0x00000000000498f0                alt_flash_close_dev
 .text          0x0000000000049944      0x1b0 ../scan_bsp/\libhal_bsp.a(alt_iic.o)
                0x0000000000049944                alt_ic_isr_register
                0x0000000000049994                alt_ic_irq_enable
                0x0000000000049a1c                alt_ic_irq_disable
                0x0000000000049aa8                alt_ic_irq_enabled
 .text          0x0000000000049af4       0xf0 ../scan_bsp/\libhal_bsp.a(alt_iic_isr_register.o)
                0x0000000000049af4                alt_iic_isr_register
 .text          0x0000000000049be4        0x0 ../scan_bsp/\libhal_bsp.a(alt_irq_entry.o)
 .text          0x0000000000049be4        0x0 ../scan_bsp/\libhal_bsp.a(alt_irq_handler.o)
 .text          0x0000000000049be4        0x0 ../scan_bsp/\libhal_bsp.a(alt_irq_vars.o)
 .text          0x0000000000049be4       0xec ../scan_bsp/\libhal_bsp.a(alt_load.o)
                0x0000000000049c4c                alt_load
 .text          0x0000000000049cd0       0x7c ../scan_bsp/\libhal_bsp.a(alt_main.o)
                0x0000000000049cd0                alt_main
 .text          0x0000000000049d4c       0xec ../scan_bsp/\libhal_bsp.a(alt_sys_init.o)
                0x0000000000049d80                alt_irq_init
                0x0000000000049db8                alt_sys_init
 .text          0x0000000000049e38      0xb8c ../scan_bsp/\libhal_bsp.a(altera_avalon_epcs_flash_controller.o)
                0x0000000000049e6c                alt_epcs_flash_init
                0x000000000004a434                alt_epcs_flash_write
                0x000000000004a694                alt_epcs_flash_get_info
                0x000000000004a7b4                alt_epcs_flash_erase_block
                0x000000000004a82c                alt_epcs_flash_write_block
                0x000000000004a92c                alt_epcs_flash_read
 .text          0x000000000004a9c4      0x504 ../scan_bsp/\libhal_bsp.a(altera_avalon_fifo_util.o)
                0x000000000004a9c4                altera_avalon_fifo_init
                0x000000000004aa5c                altera_avalon_fifo_read_status
                0x000000000004aa98                altera_avalon_fifo_read_ienable
                0x000000000004aad4                altera_avalon_fifo_read_almostfull
                0x000000000004ab00                altera_avalon_fifo_read_almostempty
                0x000000000004ab2c                altera_avalon_fifo_read_event
                0x000000000004ab68                altera_avalon_fifo_read_level
                0x000000000004ab90                altera_avalon_fifo_clear_event
                0x000000000004abf0                altera_avalon_fifo_write_ienable
                0x000000000004ac4c                altera_avalon_fifo_write_almostfull
                0x000000000004aca8                altera_avalon_fifo_write_almostempty
                0x000000000004ad04                altera_avalon_fifo_write_fifo
                0x000000000004ad5c                altera_avalon_read_fifo
                0x000000000004adc8                altera_avalon_fifo_read_fifo
                0x000000000004ae14                altera_avalon_fifo_write_other_info
                0x000000000004ae74                altera_avalon_fifo_read_other_info
                0x000000000004aea0                altera_avalon_fifo_read_backpressure
 .text          0x000000000004aec8      0x164 ../scan_bsp/\libhal_bsp.a(altera_avalon_jtag_uart_fd.o)
                0x000000000004aec8                altera_avalon_jtag_uart_read_fd
                0x000000000004af28                altera_avalon_jtag_uart_write_fd
                0x000000000004af88                altera_avalon_jtag_uart_close_fd
                0x000000000004afd8                altera_avalon_jtag_uart_ioctl_fd
 .text          0x000000000004b02c      0x3d4 ../scan_bsp/\libhal_bsp.a(altera_avalon_jtag_uart_init.o)
                0x000000000004b02c                altera_avalon_jtag_uart_init
                0x000000000004b398                altera_avalon_jtag_uart_close
 .text          0x000000000004b400       0xf0 ../scan_bsp/\libhal_bsp.a(altera_avalon_jtag_uart_ioctl.o)
                0x000000000004b400                altera_avalon_jtag_uart_ioctl
 .text          0x000000000004b4f0      0x21c ../scan_bsp/\libhal_bsp.a(altera_avalon_jtag_uart_read.o)
                0x000000000004b4f0                altera_avalon_jtag_uart_read
 .text          0x000000000004b70c      0x224 ../scan_bsp/\libhal_bsp.a(altera_avalon_jtag_uart_write.o)
                0x000000000004b70c                altera_avalon_jtag_uart_write
 .text          0x000000000004b930       0xf4 ../scan_bsp/\libhal_bsp.a(altera_avalon_timer_sc.o)
                0x000000000004b9a8                alt_avalon_timer_sc_init
 .text          0x000000000004ba24      0x63c ../scan_bsp/\libhal_bsp.a(epcs_commands.o)
                0x000000000004ba24                epcs_read_status_register
                0x000000000004baf4                epcs_sector_erase
                0x000000000004bbf0                epcs_read_buffer
                0x000000000004bce4                epcs_write_enable
                0x000000000004bd38                epcs_write_status_register
                0x000000000004bda4                epcs_write_buffer
                0x000000000004bec0                epcs_read_electronic_signature
                0x000000000004bf28                epcs_read_device_id
                0x000000000004bfa8                epcs_enter_4_bytes_mode
                0x000000000004c004                epcs_exit_4_bytes_mode
 .text          0x000000000004c060      0x12c ../scan_bsp/\libhal_bsp.a(alt_alarm_start.o)
                0x000000000004c060                alt_alarm_start
 .text          0x000000000004c18c      0x10c ../scan_bsp/\libhal_bsp.a(alt_close.o)
                0x000000000004c1c8                close
 .text          0x000000000004c298       0x20 ../scan_bsp/\libhal_bsp.a(alt_dcache_flush_all.o)
                0x000000000004c298                alt_dcache_flush_all
 .text          0x000000000004c2b8       0x2c ../scan_bsp/\libhal_bsp.a(alt_dev.o)
 .text          0x000000000004c2e4       0xe0 ../scan_bsp/\libhal_bsp.a(alt_dev_llist_insert.o)
                0x000000000004c320                alt_dev_llist_insert
 .text          0x000000000004c3c4       0x60 ../scan_bsp/\libhal_bsp.a(alt_do_ctors.o)
                0x000000000004c3c4                _do_ctors
 .text          0x000000000004c424       0x60 ../scan_bsp/\libhal_bsp.a(alt_do_dtors.o)
                0x000000000004c424                _do_dtors
 .text          0x000000000004c484        0x0 ../scan_bsp/\libhal_bsp.a(alt_errno.o)
 .text          0x000000000004c484        0x0 ../scan_bsp/\libhal_bsp.a(alt_exception_entry.o)
 .text          0x000000000004c484       0x90 ../scan_bsp/\libhal_bsp.a(alt_find_dev.o)
                0x000000000004c484                alt_find_dev
 .text          0x000000000004c514       0x34 ../scan_bsp/\libhal_bsp.a(alt_icache_flush_all.o)
                0x000000000004c514                alt_icache_flush_all
 .text          0x000000000004c548       0x9c ../scan_bsp/\libhal_bsp.a(alt_instruction_exception_entry.o)
                0x000000000004c548                alt_exception_cause_generated_bad_addr
 .text          0x000000000004c5e4      0x140 ../scan_bsp/\libhal_bsp.a(alt_io_redirect.o)
                0x000000000004c6a8                alt_io_redirect
 .text          0x000000000004c724      0x254 ../scan_bsp/\libhal_bsp.a(alt_open.o)
                0x000000000004c824                open
 .text          0x000000000004c978       0x64 ../scan_bsp/\libhal_bsp.a(alt_release_fd.o)
                0x000000000004c978                alt_release_fd
 .text          0x000000000004c9dc      0x1a4 ../scan_bsp/\libhal_bsp.a(alt_tick.o)
                0x000000000004c9dc                alt_alarm_stop
                0x000000000004ca78                alt_tick
 .text          0x000000000004cb80       0x24 ../scan_bsp/\libhal_bsp.a(altera_nios2_gen2_irq.o)
                0x000000000004cb80                altera_nios2_gen2_irq_init
 .text          0x000000000004cba4      0x1fc ../scan_bsp/\libhal_bsp.a(altera_avalon_spi.o)
                0x000000000004cba4                alt_avalon_spi_command
 .text          0x000000000004cda0      0x108 ../scan_bsp/\libhal_bsp.a(alt_find_file.o)
                0x000000000004cda0                alt_find_file
 .text          0x000000000004cea8       0xa4 ../scan_bsp/\libhal_bsp.a(alt_get_fd.o)
                0x000000000004cea8                alt_get_fd
 .text          0x000000000004cf4c       0x90 ../scan_bsp/\libhal_bsp.a(alt_icache_flush.o)
                0x000000000004cf4c                alt_icache_flush
 .text          0x000000000004cfdc        0x0 d:/altera18.0/nios2eds/bin/gnu/h-x86_64-mingw32/bin/../lib/gcc/nios2-elf/5.3.0/../../../../../H-x86_64-mingw32/nios2-elf/lib\libc.a(lib_a-atexit.o)
 .text.atexit   0x000000000004cfdc       0x14 d:/altera18.0/nios2eds/bin/gnu/h-x86_64-mingw32/bin/../lib/gcc/nios2-elf/5.3.0/../../../../../H-x86_64-mingw32/nios2-elf/lib\libc.a(lib_a-atexit.o)
                0x000000000004cfdc                atexit
 .text          0x000000000004cff0        0x0 d:/altera18.0/nios2eds/bin/gnu/h-x86_64-mingw32/bin/../lib/gcc/nios2-elf/5.3.0/../../../../../H-x86_64-mingw32/nios2-elf/lib\libc.a(lib_a-exit.o)
 .text.exit     0x000000000004cff0       0x38 d:/altera18.0/nios2eds/bin/gnu/h-x86_64-mingw32/bin/../lib/gcc/nios2-elf/5.3.0/../../../../../H-x86_64-mingw32/nios2-elf/lib\libc.a(lib_a-exit.o)
                0x000000000004cff0                exit
 .text          0x000000000004d028        0x0 d:/altera18.0/nios2eds/bin/gnu/h-x86_64-mingw32/bin/../lib/gcc/nios2-elf/5.3.0/../../../../../H-x86_64-mingw32/nios2-elf/lib\libc.a(lib_a-impure.o)
 .text          0x000000000004d028        0x0 d:/altera18.0/nios2eds/bin/gnu/h-x86_64-mingw32/bin/../lib/gcc/nios2-elf/5.3.0/../../../../../H-x86_64-mingw32/nios2-elf/lib\libc.a(lib_a-int_errno.o)
 .text          0x000000000004d028        0x0 d:/altera18.0/nios2eds/bin/gnu/h-x86_64-mingw32/bin/../lib/gcc/nios2-elf/5.3.0/../../../../../H-x86_64-mingw32/nios2-elf/lib\libc.a(lib_a-memcmp.o)
 .text.memcmp   0x000000000004d028       0x7c d:/altera18.0/nios2eds/bin/gnu/h-x86_64-mingw32/bin/../lib/gcc/nios2-elf/5.3.0/../../../../../H-x86_64-mingw32/nios2-elf/lib\libc.a(lib_a-memcmp.o)
                0x000000000004d028                memcmp
 .text          0x000000000004d0a4        0x0 d:/altera18.0/nios2eds/bin/gnu/h-x86_64-mingw32/bin/../lib/gcc/nios2-elf/5.3.0/../../../../../H-x86_64-mingw32/nios2-elf/lib\libc.a(lib_a-__atexit.o)
 .text.__register_exitproc
                0x000000000004d0a4      0x118 d:/altera18.0/nios2eds/bin/gnu/h-x86_64-mingw32/bin/../lib/gcc/nios2-elf/5.3.0/../../../../../H-x86_64-mingw32/nios2-elf/lib\libc.a(lib_a-__atexit.o)
                0x000000000004d0a4                __register_exitproc
 .text          0x000000000004d1bc        0x0 d:/altera18.0/nios2eds/bin/gnu/h-x86_64-mingw32/bin/../lib/gcc/nios2-elf/5.3.0/../../../../../H-x86_64-mingw32/nios2-elf/lib\libc.a(lib_a-__call_atexit.o)
 .text.__call_exitprocs
                0x000000000004d1bc      0x180 d:/altera18.0/nios2eds/bin/gnu/h-x86_64-mingw32/bin/../lib/gcc/nios2-elf/5.3.0/../../../../../H-x86_64-mingw32/nios2-elf/lib\libc.a(lib_a-__call_atexit.o)
                0x000000000004d1bc                __call_exitprocs
 .text          0x000000000004d33c       0x34 ../scan_bsp/\libhal_bsp.a(alt_exit.o)
                0x000000000004d33c                _exit
 *(.gnu.warning.*)
 *(.fini)
                [!provide]                        PROVIDE (__etext, ABSOLUTE (.))
                [!provide]                        PROVIDE (_etext, ABSOLUTE (.))
                [!provide]                        PROVIDE (etext, ABSOLUTE (.))
 *(.eh_frame_hdr)
                0x000000000004d370                . = ALIGN (0x4)
                [!provide]                        PROVIDE (__preinit_array_start, ABSOLUTE (.))
 *(.preinit_array)
                [!provide]                        PROVIDE (__preinit_array_end, ABSOLUTE (.))
                [!provide]                        PROVIDE (__init_array_start, ABSOLUTE (.))
 *(.init_array)
                [!provide]                        PROVIDE (__init_array_end, ABSOLUTE (.))
                [!provide]                        PROVIDE (__fini_array_start, ABSOLUTE (.))
 *(.fini_array)
                [!provide]                        PROVIDE (__fini_array_end, ABSOLUTE (.))
 *(.eh_frame)
 *(.gcc_except_table .gcc_except_table.*)
 *(.dynamic)
                0x000000000004d370                PROVIDE (__CTOR_LIST__, ABSOLUTE (.))
 *(.ctors)
 *(SORT(.ctors.*))
                0x000000000004d370                PROVIDE (__CTOR_END__, ABSOLUTE (.))
                0x000000000004d370                PROVIDE (__DTOR_LIST__, ABSOLUTE (.))
 *(.dtors)
 *(SORT(.dtors.*))
                0x000000000004d370                PROVIDE (__DTOR_END__, ABSOLUTE (.))
 *(.jcr)
                0x000000000004d370                . = ALIGN (0x4)

.rodata         0x000000000004d370     0xc240
                0x000000000004d370                PROVIDE (__ram_rodata_start, ABSOLUTE (.))
                0x000000000004d370                . = ALIGN (0x4)
 *(.rodata .rodata.* .gnu.linkonce.r.*)
 .rodata        0x000000000004d370       0x15 obj/default/src/region.o
 *fill*         0x000000000004d385        0x3 
 .rodata        0x000000000004d388       0x10 obj/default/src/remote_update.o
 .rodata        0x000000000004d398       0x44 obj/default/src/sick_protocol.o
 .rodata        0x000000000004d3dc     0xc193 obj/default/src/tim561.o
 *fill*         0x000000000005956f        0x1 
 .rodata        0x0000000000059570        0xf ../scan_bsp/\libhal_bsp.a(alt_main.o)
 *fill*         0x000000000005957f        0x1 
 .rodata        0x0000000000059580       0x1f ../scan_bsp/\libhal_bsp.a(alt_sys_init.o)
 *fill*         0x000000000005959f        0x1 
 .rodata        0x00000000000595a0        0xa ../scan_bsp/\libhal_bsp.a(alt_dev.o)
 *fill*         0x00000000000595aa        0x2 
 .rodata.str1.4
                0x00000000000595ac        0x4 d:/altera18.0/nios2eds/bin/gnu/h-x86_64-mingw32/bin/../lib/gcc/nios2-elf/5.3.0/../../../../../H-x86_64-mingw32/nios2-elf/lib\libc.a(lib_a-impure.o)
                                          0x2 (size before relaxing)
 *(.rodata1)
                0x00000000000595b0                . = ALIGN (0x4)
                0x00000000000595b0                PROVIDE (__ram_rodata_end, ABSOLUTE (.))
                0x000000000004d370                PROVIDE (__flash_rodata_start, LOADADDR (.rodata))

.rwdata         0x00000000000595b0     0x3b9c
                0x00000000000595b0                PROVIDE (__ram_rwdata_start, ABSOLUTE (.))
                0x00000000000595b0                . = ALIGN (0x4)
 *(.got.plt)
 *(.got)
 *(.data1)
 *(.data .data.* .gnu.linkonce.d.*)
 .data          0x00000000000595b0        0x0 ../scan_bsp//obj/HAL/src/crt0.o
 .data          0x00000000000595b0      0x134 obj/default/src/bsp.o
                0x00000000000595b0                SysPara
 .data          0x00000000000596e4        0x0 obj/default/src/device.o
 .data          0x00000000000596e4        0x0 obj/default/src/fpga2nios_protocol.o
 .data          0x00000000000596e4        0x0 obj/default/src/iic.o
 .data          0x00000000000596e4        0x0 obj/default/src/led.o
 .data          0x00000000000596e4        0x0 obj/default/src/main.o
 .data          0x00000000000596e4        0x0 obj/default/src/nios2fpga_protocol.o
 .data          0x00000000000596e4       0x24 obj/default/src/pc2dev.o
                0x00000000000596e4                pc2nios
                0x00000000000596f4                nios2pc
 .data          0x0000000000059708        0x0 obj/default/src/queue.o
 .data          0x0000000000059708      0x6f8 obj/default/src/region.o
                0x0000000000059708                alarm_region
 .data          0x0000000000059e00        0x0 obj/default/src/remote_update.o
 .data          0x0000000000059e00       0xa9 obj/default/src/sick_protocol.o
                0x0000000000059e00                frame_start
                0x0000000000059e70                RSSI_Field_start
                0x0000000000059e9c                RSSI_Field_end
 .data          0x0000000000059ea9        0x0 obj/default/src/socket.o
 *fill*         0x0000000000059ea9        0x3 
 .data          0x0000000000059eac     0x1b5c obj/default/src/tim561.o
                0x0000000000059eac                udp_reponse
                0x000000000005a36c                tim561_index
                0x000000000005ac5c                tim561_respons
                0x000000000005b54c                sMI_2
                0x000000000005b574                sMI_0_3_F4724744_stop
                0x000000000005b584                sRI_E6_reply
                0x000000000005b598                sRI_15B_reply
                0x000000000005b928                sRI_1DC_reply
                0x000000000005b9dc                sMI_reply
 .data          0x000000000005ba08        0x0 obj/default/src/user_interrupt.o
 .data          0x000000000005ba08        0x0 obj/default/src/w5500.o
 .data          0x000000000005ba08        0x0 d:/altera18.0/nios2eds/bin/gnu/h-x86_64-mingw32/bin/../lib/gcc/nios2-elf/5.3.0\libgcc.a(lib2-divmod.o)
 .data          0x000000000005ba08        0x0 d:/altera18.0/nios2eds/bin/gnu/h-x86_64-mingw32/bin/../lib/gcc/nios2-elf/5.3.0/../../../../../H-x86_64-mingw32/nios2-elf/lib\libc.a(lib_a-memcpy.o)
 .data          0x000000000005ba08        0x0 d:/altera18.0/nios2eds/bin/gnu/h-x86_64-mingw32/bin/../lib/gcc/nios2-elf/5.3.0/../../../../../H-x86_64-mingw32/nios2-elf/lib\libc.a(lib_a-memset.o)
 .data          0x000000000005ba08        0x0 d:/altera18.0/nios2eds/bin/gnu/h-x86_64-mingw32/bin/../lib/gcc/nios2-elf/5.3.0/../../../../../H-x86_64-mingw32/nios2-elf/lib\libc.a(lib_a-strcmp.o)
 .data          0x000000000005ba08        0x0 d:/altera18.0/nios2eds/bin/gnu/h-x86_64-mingw32/bin/../lib/gcc/nios2-elf/5.3.0/../../../../../H-x86_64-mingw32/nios2-elf/lib\libc.a(lib_a-strlen.o)
 .data          0x000000000005ba08        0x0 d:/altera18.0/nios2eds/bin/gnu/h-x86_64-mingw32/bin/../lib/gcc/nios2-elf/5.3.0/../../../../../H-x86_64-mingw32/nios2-elf/lib\libc.a(lib_a-strncmp.o)
 .data          0x000000000005ba08        0x0 ../scan_bsp/\libhal_bsp.a(alt_flash_dev.o)
 .data          0x000000000005ba08        0x0 ../scan_bsp/\libhal_bsp.a(alt_iic.o)
 .data          0x000000000005ba08        0x0 ../scan_bsp/\libhal_bsp.a(alt_iic_isr_register.o)
 .data          0x000000000005ba08        0x0 ../scan_bsp/\libhal_bsp.a(alt_irq_entry.o)
 .data          0x000000000005ba08        0x0 ../scan_bsp/\libhal_bsp.a(alt_irq_handler.o)
 .data          0x000000000005ba08        0x0 ../scan_bsp/\libhal_bsp.a(alt_irq_vars.o)
 .data          0x000000000005ba08        0x0 ../scan_bsp/\libhal_bsp.a(alt_load.o)
 .data          0x000000000005ba08        0x0 ../scan_bsp/\libhal_bsp.a(alt_main.o)
 .data          0x000000000005ba08     0x112c ../scan_bsp/\libhal_bsp.a(alt_sys_init.o)
 .data          0x000000000005cb34        0x0 ../scan_bsp/\libhal_bsp.a(altera_avalon_epcs_flash_controller.o)
 .data          0x000000000005cb34        0x0 ../scan_bsp/\libhal_bsp.a(altera_avalon_fifo_util.o)
 .data          0x000000000005cb34        0x0 ../scan_bsp/\libhal_bsp.a(altera_avalon_jtag_uart_fd.o)
 .data          0x000000000005cb34        0x0 ../scan_bsp/\libhal_bsp.a(altera_avalon_jtag_uart_init.o)
 .data          0x000000000005cb34        0x0 ../scan_bsp/\libhal_bsp.a(altera_avalon_jtag_uart_ioctl.o)
 .data          0x000000000005cb34        0x0 ../scan_bsp/\libhal_bsp.a(altera_avalon_jtag_uart_read.o)
 .data          0x000000000005cb34        0x0 ../scan_bsp/\libhal_bsp.a(altera_avalon_jtag_uart_write.o)
 .data          0x000000000005cb34        0x0 ../scan_bsp/\libhal_bsp.a(altera_avalon_timer_sc.o)
 .data          0x000000000005cb34        0x0 ../scan_bsp/\libhal_bsp.a(epcs_commands.o)
 .data          0x000000000005cb34        0x0 ../scan_bsp/\libhal_bsp.a(alt_alarm_start.o)
 .data          0x000000000005cb34        0x0 ../scan_bsp/\libhal_bsp.a(alt_close.o)
 .data          0x000000000005cb34        0x0 ../scan_bsp/\libhal_bsp.a(alt_dcache_flush_all.o)
 .data          0x000000000005cb34      0x1a8 ../scan_bsp/\libhal_bsp.a(alt_dev.o)
                0x000000000005cb34                alt_dev_null
                0x000000000005cb5c                alt_fd_list
 .data          0x000000000005ccdc        0x0 ../scan_bsp/\libhal_bsp.a(alt_dev_llist_insert.o)
 .data          0x000000000005ccdc        0x0 ../scan_bsp/\libhal_bsp.a(alt_do_ctors.o)
 .data          0x000000000005ccdc        0x0 ../scan_bsp/\libhal_bsp.a(alt_do_dtors.o)
 .data          0x000000000005ccdc        0x0 ../scan_bsp/\libhal_bsp.a(alt_errno.o)
 .data          0x000000000005ccdc        0x0 ../scan_bsp/\libhal_bsp.a(alt_exception_entry.o)
 .data          0x000000000005ccdc        0x0 ../scan_bsp/\libhal_bsp.a(alt_find_dev.o)
 .data          0x000000000005ccdc        0x0 ../scan_bsp/\libhal_bsp.a(alt_icache_flush_all.o)
 .data          0x000000000005ccdc        0x0 ../scan_bsp/\libhal_bsp.a(alt_instruction_exception_entry.o)
 .data          0x000000000005ccdc        0x0 ../scan_bsp/\libhal_bsp.a(alt_io_redirect.o)
 .data          0x000000000005ccdc        0x0 ../scan_bsp/\libhal_bsp.a(alt_open.o)
 .data          0x000000000005ccdc        0x0 ../scan_bsp/\libhal_bsp.a(alt_release_fd.o)
 .data          0x000000000005ccdc        0x0 ../scan_bsp/\libhal_bsp.a(alt_tick.o)
 .data          0x000000000005ccdc        0x0 ../scan_bsp/\libhal_bsp.a(altera_nios2_gen2_irq.o)
 .data          0x000000000005ccdc        0x0 ../scan_bsp/\libhal_bsp.a(altera_avalon_spi.o)
 .data          0x000000000005ccdc        0x0 ../scan_bsp/\libhal_bsp.a(alt_find_file.o)
 .data          0x000000000005ccdc        0x0 ../scan_bsp/\libhal_bsp.a(alt_get_fd.o)
 .data          0x000000000005ccdc        0x0 ../scan_bsp/\libhal_bsp.a(alt_icache_flush.o)
 .data          0x000000000005ccdc        0x0 d:/altera18.0/nios2eds/bin/gnu/h-x86_64-mingw32/bin/../lib/gcc/nios2-elf/5.3.0/../../../../../H-x86_64-mingw32/nios2-elf/lib\libc.a(lib_a-atexit.o)
 .data          0x000000000005ccdc        0x0 d:/altera18.0/nios2eds/bin/gnu/h-x86_64-mingw32/bin/../lib/gcc/nios2-elf/5.3.0/../../../../../H-x86_64-mingw32/nios2-elf/lib\libc.a(lib_a-exit.o)
 .data          0x000000000005ccdc        0x0 d:/altera18.0/nios2eds/bin/gnu/h-x86_64-mingw32/bin/../lib/gcc/nios2-elf/5.3.0/../../../../../H-x86_64-mingw32/nios2-elf/lib\libc.a(lib_a-impure.o)
 .data.impure_data
                0x000000000005ccdc      0x424 d:/altera18.0/nios2eds/bin/gnu/h-x86_64-mingw32/bin/../lib/gcc/nios2-elf/5.3.0/../../../../../H-x86_64-mingw32/nios2-elf/lib\libc.a(lib_a-impure.o)
 .data          0x000000000005d100        0x0 d:/altera18.0/nios2eds/bin/gnu/h-x86_64-mingw32/bin/../lib/gcc/nios2-elf/5.3.0/../../../../../H-x86_64-mingw32/nios2-elf/lib\libc.a(lib_a-int_errno.o)
 .data          0x000000000005d100        0x0 d:/altera18.0/nios2eds/bin/gnu/h-x86_64-mingw32/bin/../lib/gcc/nios2-elf/5.3.0/../../../../../H-x86_64-mingw32/nios2-elf/lib\libc.a(lib_a-memcmp.o)
 .data          0x000000000005d100        0x0 d:/altera18.0/nios2eds/bin/gnu/h-x86_64-mingw32/bin/../lib/gcc/nios2-elf/5.3.0/../../../../../H-x86_64-mingw32/nios2-elf/lib\libc.a(lib_a-__atexit.o)
 .data          0x000000000005d100        0x0 d:/altera18.0/nios2eds/bin/gnu/h-x86_64-mingw32/bin/../lib/gcc/nios2-elf/5.3.0/../../../../../H-x86_64-mingw32/nios2-elf/lib\libc.a(lib_a-__call_atexit.o)
 .data          0x000000000005d100        0x0 ../scan_bsp/\libhal_bsp.a(alt_exit.o)
                0x0000000000065100                _gp = ABSOLUTE ((. + 0x8000))
                [!provide]                        PROVIDE (gp, _gp)
 *(.rwdata .rwdata.*)
 *(.sdata .sdata.* .gnu.linkonce.s.*)
 .sdata         0x000000000005d100       0x10 obj/default/src/device.o
                0x000000000005d100                txsize
                0x000000000005d108                rxsize
 .sdata         0x000000000005d110        0x8 obj/default/src/tim561.o
                0x000000000005d110                sMI_0_3_F4724744_start
 .sdata         0x000000000005d118        0x8 ../scan_bsp/\libhal_bsp.a(alt_flash_dev.o)
                0x000000000005d118                alt_flash_dev_list
 .sdata         0x000000000005d120        0x4 ../scan_bsp/\libhal_bsp.a(alt_irq_vars.o)
                0x000000000005d120                alt_priority_mask
 .sdata         0x000000000005d124       0x14 ../scan_bsp/\libhal_bsp.a(alt_dev.o)
                0x000000000005d124                alt_fs_list
                0x000000000005d12c                alt_dev_list
                0x000000000005d134                alt_max_fd
 .sdata         0x000000000005d138        0x4 ../scan_bsp/\libhal_bsp.a(alt_errno.o)
                0x000000000005d138                alt_errno
 .sdata         0x000000000005d13c        0x8 ../scan_bsp/\libhal_bsp.a(alt_tick.o)
                0x000000000005d13c                alt_alarm_list
 .sdata._global_impure_ptr
                0x000000000005d144        0x4 d:/altera18.0/nios2eds/bin/gnu/h-x86_64-mingw32/bin/../lib/gcc/nios2-elf/5.3.0/../../../../../H-x86_64-mingw32/nios2-elf/lib\libc.a(lib_a-impure.o)
                0x000000000005d144                _global_impure_ptr
 .sdata._impure_ptr
                0x000000000005d148        0x4 d:/altera18.0/nios2eds/bin/gnu/h-x86_64-mingw32/bin/../lib/gcc/nios2-elf/5.3.0/../../../../../H-x86_64-mingw32/nios2-elf/lib\libc.a(lib_a-impure.o)
                0x000000000005d148                _impure_ptr
 *(.sdata2 .sdata2.* .gnu.linkonce.s2.*)
                0x000000000005d14c                . = ALIGN (0x4)
                0x000000000005d14c                _edata = ABSOLUTE (.)
                [!provide]                        PROVIDE (edata, ABSOLUTE (.))
                0x000000000005d14c                PROVIDE (__ram_rwdata_end, ABSOLUTE (.))
                0x00000000000595b0                PROVIDE (__flash_rwdata_start, LOADADDR (.rwdata))

.bss            0x000000000005d14c     0x71f8
                0x000000000005d14c                __bss_start = ABSOLUTE (.)
                [!provide]                        PROVIDE (__sbss_start, ABSOLUTE (.))
                [!provide]                        PROVIDE (___sbss_start, ABSOLUTE (.))
 *(.dynsbss)
 *(.sbss .sbss.* .gnu.linkonce.sb.*)
 .sbss          0x000000000005d14c        0x9 obj/default/src/bsp.o
                0x000000000005d14c                isTcpEstablished
                0x000000000005d150                SysStatus
                0x000000000005d154                isPowerUp
 *fill*         0x000000000005d155        0x3 
 .sbss          0x000000000005d158        0x4 obj/default/src/nios2fpga_protocol.o
                0x000000000005d158                Nios2FPGA_pck
 .sbss          0x000000000005d15c        0x1 obj/default/src/sick_protocol.o
                0x000000000005d15c                sMI_3E_flag
 *fill*         0x000000000005d15d        0x1 
 .sbss          0x000000000005d15e        0x2 obj/default/src/socket.o
 .sbss          0x000000000005d160        0x4 obj/default/src/user_interrupt.o
                0x000000000005d160                timer_isr_context
 .sbss          0x000000000005d164        0x4 ../scan_bsp/\libhal_bsp.a(alt_irq_vars.o)
                0x000000000005d164                alt_irq_active
 .sbss          0x000000000005d168        0xc ../scan_bsp/\libhal_bsp.a(alt_main.o)
                0x000000000005d168                alt_argc
                0x000000000005d16c                alt_argv
                0x000000000005d170                alt_envp
 .sbss          0x000000000005d174        0x4 ../scan_bsp/\libhal_bsp.a(alt_instruction_exception_entry.o)
                0x000000000005d174                alt_instruction_exception_handler
 .sbss          0x000000000005d178        0x8 ../scan_bsp/\libhal_bsp.a(alt_tick.o)
                0x000000000005d178                _alt_tick_rate
                0x000000000005d17c                _alt_nticks
 .sbss          0x000000000005d180        0x4 d:/altera18.0/nios2eds/bin/gnu/h-x86_64-mingw32/bin/../lib/gcc/nios2-elf/5.3.0/../../../../../H-x86_64-mingw32/nios2-elf/lib\libc.a(lib_a-int_errno.o)
                0x000000000005d180                errno
 *(.sbss2 .sbss2.* .gnu.linkonce.sb2.*)
 *(.scommon)
                [!provide]                        PROVIDE (__sbss_end, ABSOLUTE (.))
                [!provide]                        PROVIDE (___sbss_end, ABSOLUTE (.))
 *(.dynbss)
 *(.bss .bss.* .gnu.linkonce.b.*)
 .bss           0x000000000005d184        0x0 ../scan_bsp//obj/HAL/src/crt0.o
 .bss           0x000000000005d184        0x0 obj/default/src/bsp.o
 .bss           0x000000000005d184        0x0 obj/default/src/device.o
 .bss           0x000000000005d184       0x68 obj/default/src/fpga2nios_protocol.o
                0x000000000005d184                sys_warn
 .bss           0x000000000005d1ec        0x0 obj/default/src/iic.o
 .bss           0x000000000005d1ec        0x0 obj/default/src/led.o
 .bss           0x000000000005d1ec        0x0 obj/default/src/main.o
 .bss           0x000000000005d1ec        0x0 obj/default/src/nios2fpga_protocol.o
 .bss           0x000000000005d1ec        0x0 obj/default/src/pc2dev.o
 .bss           0x000000000005d1ec        0x0 obj/default/src/queue.o
 .bss           0x000000000005d1ec        0x0 obj/default/src/region.o
 .bss           0x000000000005d1ec        0x0 obj/default/src/remote_update.o
 .bss           0x000000000005d1ec        0x0 obj/default/src/sick_protocol.o
 .bss           0x000000000005d1ec        0x0 obj/default/src/socket.o
 .bss           0x000000000005d1ec        0x0 obj/default/src/tim561.o
 .bss           0x000000000005d1ec        0x0 obj/default/src/user_interrupt.o
 .bss           0x000000000005d1ec       0x20 obj/default/src/w5500.o
 .bss           0x000000000005d20c        0x0 d:/altera18.0/nios2eds/bin/gnu/h-x86_64-mingw32/bin/../lib/gcc/nios2-elf/5.3.0\libgcc.a(lib2-divmod.o)
 .bss           0x000000000005d20c        0x0 d:/altera18.0/nios2eds/bin/gnu/h-x86_64-mingw32/bin/../lib/gcc/nios2-elf/5.3.0/../../../../../H-x86_64-mingw32/nios2-elf/lib\libc.a(lib_a-memcpy.o)
 .bss           0x000000000005d20c        0x0 d:/altera18.0/nios2eds/bin/gnu/h-x86_64-mingw32/bin/../lib/gcc/nios2-elf/5.3.0/../../../../../H-x86_64-mingw32/nios2-elf/lib\libc.a(lib_a-memset.o)
 .bss           0x000000000005d20c        0x0 d:/altera18.0/nios2eds/bin/gnu/h-x86_64-mingw32/bin/../lib/gcc/nios2-elf/5.3.0/../../../../../H-x86_64-mingw32/nios2-elf/lib\libc.a(lib_a-strcmp.o)
 .bss           0x000000000005d20c        0x0 d:/altera18.0/nios2eds/bin/gnu/h-x86_64-mingw32/bin/../lib/gcc/nios2-elf/5.3.0/../../../../../H-x86_64-mingw32/nios2-elf/lib\libc.a(lib_a-strlen.o)
 .bss           0x000000000005d20c        0x0 d:/altera18.0/nios2eds/bin/gnu/h-x86_64-mingw32/bin/../lib/gcc/nios2-elf/5.3.0/../../../../../H-x86_64-mingw32/nios2-elf/lib\libc.a(lib_a-strncmp.o)
 .bss           0x000000000005d20c        0x0 ../scan_bsp/\libhal_bsp.a(alt_flash_dev.o)
 .bss           0x000000000005d20c        0x0 ../scan_bsp/\libhal_bsp.a(alt_iic.o)
 .bss           0x000000000005d20c        0x0 ../scan_bsp/\libhal_bsp.a(alt_iic_isr_register.o)
 .bss           0x000000000005d20c        0x0 ../scan_bsp/\libhal_bsp.a(alt_irq_entry.o)
 .bss           0x000000000005d20c        0x0 ../scan_bsp/\libhal_bsp.a(alt_irq_handler.o)
 .bss           0x000000000005d20c        0x0 ../scan_bsp/\libhal_bsp.a(alt_irq_vars.o)
 .bss           0x000000000005d20c        0x0 ../scan_bsp/\libhal_bsp.a(alt_load.o)
 .bss           0x000000000005d20c        0x0 ../scan_bsp/\libhal_bsp.a(alt_main.o)
 .bss           0x000000000005d20c        0x0 ../scan_bsp/\libhal_bsp.a(alt_sys_init.o)
 .bss           0x000000000005d20c        0x0 ../scan_bsp/\libhal_bsp.a(altera_avalon_epcs_flash_controller.o)
 .bss           0x000000000005d20c        0x0 ../scan_bsp/\libhal_bsp.a(altera_avalon_fifo_util.o)
 .bss           0x000000000005d20c        0x0 ../scan_bsp/\libhal_bsp.a(altera_avalon_jtag_uart_fd.o)
 .bss           0x000000000005d20c        0x0 ../scan_bsp/\libhal_bsp.a(altera_avalon_jtag_uart_init.o)
 .bss           0x000000000005d20c        0x0 ../scan_bsp/\libhal_bsp.a(altera_avalon_jtag_uart_ioctl.o)
 .bss           0x000000000005d20c        0x0 ../scan_bsp/\libhal_bsp.a(altera_avalon_jtag_uart_read.o)
 .bss           0x000000000005d20c        0x0 ../scan_bsp/\libhal_bsp.a(altera_avalon_jtag_uart_write.o)
 .bss           0x000000000005d20c        0x0 ../scan_bsp/\libhal_bsp.a(altera_avalon_timer_sc.o)
 .bss           0x000000000005d20c        0x0 ../scan_bsp/\libhal_bsp.a(epcs_commands.o)
 .bss           0x000000000005d20c        0x0 ../scan_bsp/\libhal_bsp.a(alt_alarm_start.o)
 .bss           0x000000000005d20c        0x0 ../scan_bsp/\libhal_bsp.a(alt_close.o)
 .bss           0x000000000005d20c        0x0 ../scan_bsp/\libhal_bsp.a(alt_dcache_flush_all.o)
 .bss           0x000000000005d20c        0x0 ../scan_bsp/\libhal_bsp.a(alt_dev.o)
 .bss           0x000000000005d20c        0x0 ../scan_bsp/\libhal_bsp.a(alt_dev_llist_insert.o)
 .bss           0x000000000005d20c        0x0 ../scan_bsp/\libhal_bsp.a(alt_do_ctors.o)
 .bss           0x000000000005d20c        0x0 ../scan_bsp/\libhal_bsp.a(alt_do_dtors.o)
 .bss           0x000000000005d20c        0x0 ../scan_bsp/\libhal_bsp.a(alt_errno.o)
 .bss           0x000000000005d20c        0x0 ../scan_bsp/\libhal_bsp.a(alt_exception_entry.o)
 .bss           0x000000000005d20c        0x0 ../scan_bsp/\libhal_bsp.a(alt_find_dev.o)
 .bss           0x000000000005d20c        0x0 ../scan_bsp/\libhal_bsp.a(alt_icache_flush_all.o)
 .bss           0x000000000005d20c        0x0 ../scan_bsp/\libhal_bsp.a(alt_instruction_exception_entry.o)
 .bss           0x000000000005d20c        0x0 ../scan_bsp/\libhal_bsp.a(alt_io_redirect.o)
 .bss           0x000000000005d20c        0x0 ../scan_bsp/\libhal_bsp.a(alt_open.o)
 .bss           0x000000000005d20c        0x0 ../scan_bsp/\libhal_bsp.a(alt_release_fd.o)
 .bss           0x000000000005d20c        0x0 ../scan_bsp/\libhal_bsp.a(alt_tick.o)
 .bss           0x000000000005d20c        0x0 ../scan_bsp/\libhal_bsp.a(altera_nios2_gen2_irq.o)
 .bss           0x000000000005d20c        0x0 ../scan_bsp/\libhal_bsp.a(altera_avalon_spi.o)
 .bss           0x000000000005d20c        0x0 ../scan_bsp/\libhal_bsp.a(alt_find_file.o)
 .bss           0x000000000005d20c        0x0 ../scan_bsp/\libhal_bsp.a(alt_get_fd.o)
 .bss           0x000000000005d20c        0x0 ../scan_bsp/\libhal_bsp.a(alt_icache_flush.o)
 .bss           0x000000000005d20c        0x0 d:/altera18.0/nios2eds/bin/gnu/h-x86_64-mingw32/bin/../lib/gcc/nios2-elf/5.3.0/../../../../../H-x86_64-mingw32/nios2-elf/lib\libc.a(lib_a-atexit.o)
 .bss           0x000000000005d20c        0x0 d:/altera18.0/nios2eds/bin/gnu/h-x86_64-mingw32/bin/../lib/gcc/nios2-elf/5.3.0/../../../../../H-x86_64-mingw32/nios2-elf/lib\libc.a(lib_a-exit.o)
 .bss           0x000000000005d20c        0x0 d:/altera18.0/nios2eds/bin/gnu/h-x86_64-mingw32/bin/../lib/gcc/nios2-elf/5.3.0/../../../../../H-x86_64-mingw32/nios2-elf/lib\libc.a(lib_a-impure.o)
 .bss           0x000000000005d20c        0x0 d:/altera18.0/nios2eds/bin/gnu/h-x86_64-mingw32/bin/../lib/gcc/nios2-elf/5.3.0/../../../../../H-x86_64-mingw32/nios2-elf/lib\libc.a(lib_a-int_errno.o)
 .bss           0x000000000005d20c        0x0 d:/altera18.0/nios2eds/bin/gnu/h-x86_64-mingw32/bin/../lib/gcc/nios2-elf/5.3.0/../../../../../H-x86_64-mingw32/nios2-elf/lib\libc.a(lib_a-memcmp.o)
 .bss           0x000000000005d20c        0x0 d:/altera18.0/nios2eds/bin/gnu/h-x86_64-mingw32/bin/../lib/gcc/nios2-elf/5.3.0/../../../../../H-x86_64-mingw32/nios2-elf/lib\libc.a(lib_a-__atexit.o)
 .bss           0x000000000005d20c        0x0 d:/altera18.0/nios2eds/bin/gnu/h-x86_64-mingw32/bin/../lib/gcc/nios2-elf/5.3.0/../../../../../H-x86_64-mingw32/nios2-elf/lib\libc.a(lib_a-__call_atexit.o)
 .bss           0x000000000005d20c        0x0 ../scan_bsp/\libhal_bsp.a(alt_exit.o)
 *(COMMON)
 COMMON         0x000000000005d20c      0x800 obj/default/src/bsp.o
                0x000000000005d20c                buffer
 COMMON         0x000000000005da0c      0x5f6 obj/default/src/device.o
                0x000000000005da0c                ConfigMsg
                0x000000000005da2d                RecvMsg
                0x000000000005da4e                pub_buf
 *fill*         0x000000000005e002        0x2 
 COMMON         0x000000000005e004     0x2070 obj/default/src/fpga2nios_protocol.o
                0x000000000005e004                LaserDataQueue
                0x000000000005e018                fpga2nios_data
                0x000000000005e074                LaserData
 COMMON         0x0000000000060074        0xd obj/default/src/led.o
                0x0000000000060074                led_time_flag
 *fill*         0x0000000000060081        0x3 
 COMMON         0x0000000000060084     0x1fbc obj/default/src/nios2fpga_protocol.o
                0x0000000000060084                CycleData
 COMMON         0x0000000000062040     0x2100 obj/default/src/pc2dev.o
                0x0000000000062040                send_buffer
 COMMON         0x0000000000064140      0x104 obj/default/src/remote_update.o
                0x0000000000064140                image
 COMMON         0x0000000000064244      0x100 ../scan_bsp/\libhal_bsp.a(alt_irq_handler.o)
                0x0000000000064244                alt_irq
                0x0000000000064344                . = ALIGN (0x4)
                0x0000000000064344                __bss_end = ABSOLUTE (.)

.onchip_memory  0x0000000000064344        0x0
                [!provide]                        PROVIDE (_alt_partition_onchip_memory_start, ABSOLUTE (.))
 *(.onchip_memory .onchip_memory. onchip_memory.*)
                0x0000000000064344                . = ALIGN (0x4)
                [!provide]                        PROVIDE (_alt_partition_onchip_memory_end, ABSOLUTE (.))
                0x0000000000064344                _end = ABSOLUTE (.)
                0x0000000000064344                end = ABSOLUTE (.)
                0x0000000000064344                __alt_stack_base = ABSOLUTE (.)
                [!provide]                        PROVIDE (_alt_partition_onchip_memory_load_addr, LOADADDR (.onchip_memory))

.epcs_flash     0x0000000000081020        0x0 load address 0x0000000000064344
                [!provide]                        PROVIDE (_alt_partition_epcs_flash_start, ABSOLUTE (.))
 *(.epcs_flash .epcs_flash. epcs_flash.*)
                0x0000000000081020                . = ALIGN (0x4)
                [!provide]                        PROVIDE (_alt_partition_epcs_flash_end, ABSOLUTE (.))
                [!provide]                        PROVIDE (_alt_partition_epcs_flash_load_addr, LOADADDR (.epcs_flash))

.stab
 *(.stab)

.stabstr
 *(.stabstr)

.stab.excl
 *(.stab.excl)

.stab.exclstr
 *(.stab.exclstr)

.stab.index
 *(.stab.index)

.stab.indexstr
 *(.stab.indexstr)

.comment        0x0000000000000000       0x23
 *(.comment)
 .comment       0x0000000000000000       0x23 obj/default/src/bsp.o
                                         0x24 (size before relaxing)
 .comment       0x0000000000000023       0x24 obj/default/src/device.o
 .comment       0x0000000000000023       0x24 obj/default/src/fpga2nios_protocol.o
 .comment       0x0000000000000023       0x24 obj/default/src/iic.o
 .comment       0x0000000000000023       0x24 obj/default/src/led.o
 .comment       0x0000000000000023       0x24 obj/default/src/main.o
 .comment       0x0000000000000023       0x24 obj/default/src/nios2fpga_protocol.o
 .comment       0x0000000000000023       0x24 obj/default/src/pc2dev.o
 .comment       0x0000000000000023       0x24 obj/default/src/queue.o
 .comment       0x0000000000000023       0x24 obj/default/src/region.o
 .comment       0x0000000000000023       0x24 obj/default/src/remote_update.o
 .comment       0x0000000000000023       0x24 obj/default/src/sick_protocol.o
 .comment       0x0000000000000023       0x24 obj/default/src/socket.o
 .comment       0x0000000000000023       0x24 obj/default/src/tim561.o
 .comment       0x0000000000000023       0x24 obj/default/src/user_interrupt.o
 .comment       0x0000000000000023       0x24 obj/default/src/w5500.o
 .comment       0x0000000000000023       0x24 d:/altera18.0/nios2eds/bin/gnu/h-x86_64-mingw32/bin/../lib/gcc/nios2-elf/5.3.0\libgcc.a(lib2-divmod.o)
 .comment       0x0000000000000023       0x24 d:/altera18.0/nios2eds/bin/gnu/h-x86_64-mingw32/bin/../lib/gcc/nios2-elf/5.3.0/../../../../../H-x86_64-mingw32/nios2-elf/lib\libc.a(lib_a-memcpy.o)
 .comment       0x0000000000000023       0x24 d:/altera18.0/nios2eds/bin/gnu/h-x86_64-mingw32/bin/../lib/gcc/nios2-elf/5.3.0/../../../../../H-x86_64-mingw32/nios2-elf/lib\libc.a(lib_a-memset.o)
 .comment       0x0000000000000023       0x24 d:/altera18.0/nios2eds/bin/gnu/h-x86_64-mingw32/bin/../lib/gcc/nios2-elf/5.3.0/../../../../../H-x86_64-mingw32/nios2-elf/lib\libc.a(lib_a-strcmp.o)
 .comment       0x0000000000000023       0x24 d:/altera18.0/nios2eds/bin/gnu/h-x86_64-mingw32/bin/../lib/gcc/nios2-elf/5.3.0/../../../../../H-x86_64-mingw32/nios2-elf/lib\libc.a(lib_a-strlen.o)
 .comment       0x0000000000000023       0x24 d:/altera18.0/nios2eds/bin/gnu/h-x86_64-mingw32/bin/../lib/gcc/nios2-elf/5.3.0/../../../../../H-x86_64-mingw32/nios2-elf/lib\libc.a(lib_a-strncmp.o)
 .comment       0x0000000000000023       0x24 ../scan_bsp/\libhal_bsp.a(alt_flash_dev.o)
 .comment       0x0000000000000023       0x24 ../scan_bsp/\libhal_bsp.a(alt_iic.o)
 .comment       0x0000000000000023       0x24 ../scan_bsp/\libhal_bsp.a(alt_iic_isr_register.o)
 .comment       0x0000000000000023       0x24 ../scan_bsp/\libhal_bsp.a(alt_irq_handler.o)
 .comment       0x0000000000000023       0x24 ../scan_bsp/\libhal_bsp.a(alt_irq_vars.o)
 .comment       0x0000000000000023       0x24 ../scan_bsp/\libhal_bsp.a(alt_load.o)
 .comment       0x0000000000000023       0x24 ../scan_bsp/\libhal_bsp.a(alt_main.o)
 .comment       0x0000000000000023       0x24 ../scan_bsp/\libhal_bsp.a(alt_sys_init.o)
 .comment       0x0000000000000023       0x24 ../scan_bsp/\libhal_bsp.a(altera_avalon_epcs_flash_controller.o)
 .comment       0x0000000000000023       0x24 ../scan_bsp/\libhal_bsp.a(altera_avalon_fifo_util.o)
 .comment       0x0000000000000023       0x24 ../scan_bsp/\libhal_bsp.a(altera_avalon_jtag_uart_fd.o)
 .comment       0x0000000000000023       0x24 ../scan_bsp/\libhal_bsp.a(altera_avalon_jtag_uart_init.o)
 .comment       0x0000000000000023       0x24 ../scan_bsp/\libhal_bsp.a(altera_avalon_jtag_uart_ioctl.o)
 .comment       0x0000000000000023       0x24 ../scan_bsp/\libhal_bsp.a(altera_avalon_jtag_uart_read.o)
 .comment       0x0000000000000023       0x24 ../scan_bsp/\libhal_bsp.a(altera_avalon_jtag_uart_write.o)
 .comment       0x0000000000000023       0x24 ../scan_bsp/\libhal_bsp.a(altera_avalon_timer_sc.o)
 .comment       0x0000000000000023       0x24 ../scan_bsp/\libhal_bsp.a(epcs_commands.o)
 .comment       0x0000000000000023       0x24 ../scan_bsp/\libhal_bsp.a(alt_alarm_start.o)
 .comment       0x0000000000000023       0x24 ../scan_bsp/\libhal_bsp.a(alt_close.o)
 .comment       0x0000000000000023       0x24 ../scan_bsp/\libhal_bsp.a(alt_dcache_flush_all.o)
 .comment       0x0000000000000023       0x24 ../scan_bsp/\libhal_bsp.a(alt_dev.o)
 .comment       0x0000000000000023       0x24 ../scan_bsp/\libhal_bsp.a(alt_dev_llist_insert.o)
 .comment       0x0000000000000023       0x24 ../scan_bsp/\libhal_bsp.a(alt_do_ctors.o)
 .comment       0x0000000000000023       0x24 ../scan_bsp/\libhal_bsp.a(alt_do_dtors.o)
 .comment       0x0000000000000023       0x24 ../scan_bsp/\libhal_bsp.a(alt_errno.o)
 .comment       0x0000000000000023       0x24 ../scan_bsp/\libhal_bsp.a(alt_find_dev.o)
 .comment       0x0000000000000023       0x24 ../scan_bsp/\libhal_bsp.a(alt_icache_flush_all.o)
 .comment       0x0000000000000023       0x24 ../scan_bsp/\libhal_bsp.a(alt_instruction_exception_entry.o)
 .comment       0x0000000000000023       0x24 ../scan_bsp/\libhal_bsp.a(alt_io_redirect.o)
 .comment       0x0000000000000023       0x24 ../scan_bsp/\libhal_bsp.a(alt_open.o)
 .comment       0x0000000000000023       0x24 ../scan_bsp/\libhal_bsp.a(alt_release_fd.o)
 .comment       0x0000000000000023       0x24 ../scan_bsp/\libhal_bsp.a(alt_tick.o)
 .comment       0x0000000000000023       0x24 ../scan_bsp/\libhal_bsp.a(altera_nios2_gen2_irq.o)
 .comment       0x0000000000000023       0x24 ../scan_bsp/\libhal_bsp.a(altera_avalon_spi.o)
 .comment       0x0000000000000023       0x24 ../scan_bsp/\libhal_bsp.a(alt_find_file.o)
 .comment       0x0000000000000023       0x24 ../scan_bsp/\libhal_bsp.a(alt_get_fd.o)
 .comment       0x0000000000000023       0x24 ../scan_bsp/\libhal_bsp.a(alt_icache_flush.o)
 .comment       0x0000000000000023       0x24 d:/altera18.0/nios2eds/bin/gnu/h-x86_64-mingw32/bin/../lib/gcc/nios2-elf/5.3.0/../../../../../H-x86_64-mingw32/nios2-elf/lib\libc.a(lib_a-atexit.o)
 .comment       0x0000000000000023       0x24 d:/altera18.0/nios2eds/bin/gnu/h-x86_64-mingw32/bin/../lib/gcc/nios2-elf/5.3.0/../../../../../H-x86_64-mingw32/nios2-elf/lib\libc.a(lib_a-exit.o)
 .comment       0x0000000000000023       0x24 d:/altera18.0/nios2eds/bin/gnu/h-x86_64-mingw32/bin/../lib/gcc/nios2-elf/5.3.0/../../../../../H-x86_64-mingw32/nios2-elf/lib\libc.a(lib_a-impure.o)
 .comment       0x0000000000000023       0x24 d:/altera18.0/nios2eds/bin/gnu/h-x86_64-mingw32/bin/../lib/gcc/nios2-elf/5.3.0/../../../../../H-x86_64-mingw32/nios2-elf/lib\libc.a(lib_a-int_errno.o)
 .comment       0x0000000000000023       0x24 d:/altera18.0/nios2eds/bin/gnu/h-x86_64-mingw32/bin/../lib/gcc/nios2-elf/5.3.0/../../../../../H-x86_64-mingw32/nios2-elf/lib\libc.a(lib_a-memcmp.o)
 .comment       0x0000000000000023       0x24 d:/altera18.0/nios2eds/bin/gnu/h-x86_64-mingw32/bin/../lib/gcc/nios2-elf/5.3.0/../../../../../H-x86_64-mingw32/nios2-elf/lib\libc.a(lib_a-__atexit.o)
 .comment       0x0000000000000023       0x24 d:/altera18.0/nios2eds/bin/gnu/h-x86_64-mingw32/bin/../lib/gcc/nios2-elf/5.3.0/../../../../../H-x86_64-mingw32/nios2-elf/lib\libc.a(lib_a-__call_atexit.o)
 .comment       0x0000000000000023       0x24 ../scan_bsp/\libhal_bsp.a(alt_exit.o)

.debug
 *(.debug)

.line
 *(.line)

.debug_srcinfo
 *(.debug_srcinfo)

.debug_sfnames
 *(.debug_sfnames)

.debug_aranges  0x0000000000000000      0x8d8
 *(.debug_aranges)
 .debug_aranges
                0x0000000000000000       0x28 ../scan_bsp//obj/HAL/src/crt0.o
 .debug_aranges
                0x0000000000000028       0x20 obj/default/src/bsp.o
 .debug_aranges
                0x0000000000000048       0x20 obj/default/src/device.o
 .debug_aranges
                0x0000000000000068       0x20 obj/default/src/fpga2nios_protocol.o
 .debug_aranges
                0x0000000000000088       0x20 obj/default/src/iic.o
 .debug_aranges
                0x00000000000000a8       0x20 obj/default/src/led.o
 .debug_aranges
                0x00000000000000c8       0x20 obj/default/src/main.o
 .debug_aranges
                0x00000000000000e8       0x20 obj/default/src/nios2fpga_protocol.o
 .debug_aranges
                0x0000000000000108       0x20 obj/default/src/pc2dev.o
 .debug_aranges
                0x0000000000000128       0x20 obj/default/src/queue.o
 .debug_aranges
                0x0000000000000148       0x20 obj/default/src/region.o
 .debug_aranges
                0x0000000000000168       0x20 obj/default/src/remote_update.o
 .debug_aranges
                0x0000000000000188       0x20 obj/default/src/sick_protocol.o
 .debug_aranges
                0x00000000000001a8       0x20 obj/default/src/socket.o
 .debug_aranges
                0x00000000000001c8       0x20 obj/default/src/tim561.o
 .debug_aranges
                0x00000000000001e8       0x20 obj/default/src/user_interrupt.o
 .debug_aranges
                0x0000000000000208       0x20 obj/default/src/w5500.o
 .debug_aranges
                0x0000000000000228       0x20 d:/altera18.0/nios2eds/bin/gnu/h-x86_64-mingw32/bin/../lib/gcc/nios2-elf/5.3.0\libgcc.a(lib2-divmod.o)
 .debug_aranges
                0x0000000000000248       0x20 d:/altera18.0/nios2eds/bin/gnu/h-x86_64-mingw32/bin/../lib/gcc/nios2-elf/5.3.0/../../../../../H-x86_64-mingw32/nios2-elf/lib\libc.a(lib_a-memcpy.o)
 .debug_aranges
                0x0000000000000268       0x20 d:/altera18.0/nios2eds/bin/gnu/h-x86_64-mingw32/bin/../lib/gcc/nios2-elf/5.3.0/../../../../../H-x86_64-mingw32/nios2-elf/lib\libc.a(lib_a-memset.o)
 .debug_aranges
                0x0000000000000288       0x20 d:/altera18.0/nios2eds/bin/gnu/h-x86_64-mingw32/bin/../lib/gcc/nios2-elf/5.3.0/../../../../../H-x86_64-mingw32/nios2-elf/lib\libc.a(lib_a-strcmp.o)
 .debug_aranges
                0x00000000000002a8       0x20 d:/altera18.0/nios2eds/bin/gnu/h-x86_64-mingw32/bin/../lib/gcc/nios2-elf/5.3.0/../../../../../H-x86_64-mingw32/nios2-elf/lib\libc.a(lib_a-strlen.o)
 .debug_aranges
                0x00000000000002c8       0x20 d:/altera18.0/nios2eds/bin/gnu/h-x86_64-mingw32/bin/../lib/gcc/nios2-elf/5.3.0/../../../../../H-x86_64-mingw32/nios2-elf/lib\libc.a(lib_a-strncmp.o)
 .debug_aranges
                0x00000000000002e8       0x20 ../scan_bsp/\libhal_bsp.a(alt_flash_dev.o)
 .debug_aranges
                0x0000000000000308       0x20 ../scan_bsp/\libhal_bsp.a(alt_iic.o)
 .debug_aranges
                0x0000000000000328       0x20 ../scan_bsp/\libhal_bsp.a(alt_iic_isr_register.o)
 .debug_aranges
                0x0000000000000348       0x30 ../scan_bsp/\libhal_bsp.a(alt_irq_entry.o)
 .debug_aranges
                0x0000000000000378       0x20 ../scan_bsp/\libhal_bsp.a(alt_irq_handler.o)
 .debug_aranges
                0x0000000000000398       0x18 ../scan_bsp/\libhal_bsp.a(alt_irq_vars.o)
 .debug_aranges
                0x00000000000003b0       0x20 ../scan_bsp/\libhal_bsp.a(alt_load.o)
 .debug_aranges
                0x00000000000003d0       0x20 ../scan_bsp/\libhal_bsp.a(alt_main.o)
 .debug_aranges
                0x00000000000003f0       0x20 ../scan_bsp/\libhal_bsp.a(alt_sys_init.o)
 .debug_aranges
                0x0000000000000410       0x20 ../scan_bsp/\libhal_bsp.a(altera_avalon_epcs_flash_controller.o)
 .debug_aranges
                0x0000000000000430       0x20 ../scan_bsp/\libhal_bsp.a(altera_avalon_fifo_util.o)
 .debug_aranges
                0x0000000000000450       0x20 ../scan_bsp/\libhal_bsp.a(altera_avalon_jtag_uart_fd.o)
 .debug_aranges
                0x0000000000000470       0x20 ../scan_bsp/\libhal_bsp.a(altera_avalon_jtag_uart_init.o)
 .debug_aranges
                0x0000000000000490       0x20 ../scan_bsp/\libhal_bsp.a(altera_avalon_jtag_uart_ioctl.o)
 .debug_aranges
                0x00000000000004b0       0x20 ../scan_bsp/\libhal_bsp.a(altera_avalon_jtag_uart_read.o)
 .debug_aranges
                0x00000000000004d0       0x20 ../scan_bsp/\libhal_bsp.a(altera_avalon_jtag_uart_write.o)
 .debug_aranges
                0x00000000000004f0       0x20 ../scan_bsp/\libhal_bsp.a(altera_avalon_timer_sc.o)
 .debug_aranges
                0x0000000000000510       0x20 ../scan_bsp/\libhal_bsp.a(epcs_commands.o)
 .debug_aranges
                0x0000000000000530       0x20 ../scan_bsp/\libhal_bsp.a(alt_alarm_start.o)
 .debug_aranges
                0x0000000000000550       0x20 ../scan_bsp/\libhal_bsp.a(alt_close.o)
 .debug_aranges
                0x0000000000000570       0x20 ../scan_bsp/\libhal_bsp.a(alt_dcache_flush_all.o)
 .debug_aranges
                0x0000000000000590       0x20 ../scan_bsp/\libhal_bsp.a(alt_dev.o)
 .debug_aranges
                0x00000000000005b0       0x20 ../scan_bsp/\libhal_bsp.a(alt_dev_llist_insert.o)
 .debug_aranges
                0x00000000000005d0       0x20 ../scan_bsp/\libhal_bsp.a(alt_do_ctors.o)
 .debug_aranges
                0x00000000000005f0       0x20 ../scan_bsp/\libhal_bsp.a(alt_do_dtors.o)
 .debug_aranges
                0x0000000000000610       0x18 ../scan_bsp/\libhal_bsp.a(alt_errno.o)
 .debug_aranges
                0x0000000000000628       0x38 ../scan_bsp/\libhal_bsp.a(alt_exception_entry.o)
 .debug_aranges
                0x0000000000000660       0x20 ../scan_bsp/\libhal_bsp.a(alt_find_dev.o)
 .debug_aranges
                0x0000000000000680       0x20 ../scan_bsp/\libhal_bsp.a(alt_icache_flush_all.o)
 .debug_aranges
                0x00000000000006a0       0x28 ../scan_bsp/\libhal_bsp.a(alt_instruction_exception_entry.o)
 .debug_aranges
                0x00000000000006c8       0x20 ../scan_bsp/\libhal_bsp.a(alt_io_redirect.o)
 .debug_aranges
                0x00000000000006e8       0x20 ../scan_bsp/\libhal_bsp.a(alt_open.o)
 .debug_aranges
                0x0000000000000708       0x20 ../scan_bsp/\libhal_bsp.a(alt_release_fd.o)
 .debug_aranges
                0x0000000000000728       0x20 ../scan_bsp/\libhal_bsp.a(alt_tick.o)
 .debug_aranges
                0x0000000000000748       0x20 ../scan_bsp/\libhal_bsp.a(altera_nios2_gen2_irq.o)
 .debug_aranges
                0x0000000000000768       0x20 ../scan_bsp/\libhal_bsp.a(altera_avalon_spi.o)
 .debug_aranges
                0x0000000000000788       0x20 ../scan_bsp/\libhal_bsp.a(alt_find_file.o)
 .debug_aranges
                0x00000000000007a8       0x20 ../scan_bsp/\libhal_bsp.a(alt_get_fd.o)
 .debug_aranges
                0x00000000000007c8       0x20 ../scan_bsp/\libhal_bsp.a(alt_icache_flush.o)
 .debug_aranges
                0x00000000000007e8       0x20 d:/altera18.0/nios2eds/bin/gnu/h-x86_64-mingw32/bin/../lib/gcc/nios2-elf/5.3.0/../../../../../H-x86_64-mingw32/nios2-elf/lib\libc.a(lib_a-atexit.o)
 .debug_aranges
                0x0000000000000808       0x20 d:/altera18.0/nios2eds/bin/gnu/h-x86_64-mingw32/bin/../lib/gcc/nios2-elf/5.3.0/../../../../../H-x86_64-mingw32/nios2-elf/lib\libc.a(lib_a-exit.o)
 .debug_aranges
                0x0000000000000828       0x18 d:/altera18.0/nios2eds/bin/gnu/h-x86_64-mingw32/bin/../lib/gcc/nios2-elf/5.3.0/../../../../../H-x86_64-mingw32/nios2-elf/lib\libc.a(lib_a-impure.o)
 .debug_aranges
                0x0000000000000840       0x18 d:/altera18.0/nios2eds/bin/gnu/h-x86_64-mingw32/bin/../lib/gcc/nios2-elf/5.3.0/../../../../../H-x86_64-mingw32/nios2-elf/lib\libc.a(lib_a-int_errno.o)
 .debug_aranges
                0x0000000000000858       0x20 d:/altera18.0/nios2eds/bin/gnu/h-x86_64-mingw32/bin/../lib/gcc/nios2-elf/5.3.0/../../../../../H-x86_64-mingw32/nios2-elf/lib\libc.a(lib_a-memcmp.o)
 .debug_aranges
                0x0000000000000878       0x20 d:/altera18.0/nios2eds/bin/gnu/h-x86_64-mingw32/bin/../lib/gcc/nios2-elf/5.3.0/../../../../../H-x86_64-mingw32/nios2-elf/lib\libc.a(lib_a-__atexit.o)
 .debug_aranges
                0x0000000000000898       0x20 d:/altera18.0/nios2eds/bin/gnu/h-x86_64-mingw32/bin/../lib/gcc/nios2-elf/5.3.0/../../../../../H-x86_64-mingw32/nios2-elf/lib\libc.a(lib_a-__call_atexit.o)
 .debug_aranges
                0x00000000000008b8       0x20 ../scan_bsp/\libhal_bsp.a(alt_exit.o)

.debug_pubnames
 *(.debug_pubnames)

.debug_info     0x0000000000000000     0xf2bb
 *(.debug_info .gnu.linkonce.wi.*)
 .debug_info    0x0000000000000000       0x66 ../scan_bsp//obj/HAL/src/crt0.o
 .debug_info    0x0000000000000066      0x72a obj/default/src/bsp.o
 .debug_info    0x0000000000000790      0x308 obj/default/src/device.o
 .debug_info    0x0000000000000a98      0x862 obj/default/src/fpga2nios_protocol.o
 .debug_info    0x00000000000012fa      0x349 obj/default/src/iic.o
 .debug_info    0x0000000000001643      0x199 obj/default/src/led.o
 .debug_info    0x00000000000017dc      0x9f7 obj/default/src/main.o
 .debug_info    0x00000000000021d3      0x7fc obj/default/src/nios2fpga_protocol.o
 .debug_info    0x00000000000029cf      0x930 obj/default/src/pc2dev.o
 .debug_info    0x00000000000032ff      0x25b obj/default/src/queue.o
 .debug_info    0x000000000000355a      0x7b5 obj/default/src/region.o
 .debug_info    0x0000000000003d0f      0x644 obj/default/src/remote_update.o
 .debug_info    0x0000000000004353      0x8d6 obj/default/src/sick_protocol.o
 .debug_info    0x0000000000004c29      0x41b obj/default/src/socket.o
 .debug_info    0x0000000000005044      0x222 obj/default/src/tim561.o
 .debug_info    0x0000000000005266      0x2f4 obj/default/src/user_interrupt.o
 .debug_info    0x000000000000555a      0x7f0 obj/default/src/w5500.o
 .debug_info    0x0000000000005d4a      0x2c6 d:/altera18.0/nios2eds/bin/gnu/h-x86_64-mingw32/bin/../lib/gcc/nios2-elf/5.3.0\libgcc.a(lib2-divmod.o)
 .debug_info    0x0000000000006010      0x144 d:/altera18.0/nios2eds/bin/gnu/h-x86_64-mingw32/bin/../lib/gcc/nios2-elf/5.3.0/../../../../../H-x86_64-mingw32/nios2-elf/lib\libc.a(lib_a-memcpy.o)
 .debug_info    0x0000000000006154      0x121 d:/altera18.0/nios2eds/bin/gnu/h-x86_64-mingw32/bin/../lib/gcc/nios2-elf/5.3.0/../../../../../H-x86_64-mingw32/nios2-elf/lib\libc.a(lib_a-memset.o)
 .debug_info    0x0000000000006275       0xe4 d:/altera18.0/nios2eds/bin/gnu/h-x86_64-mingw32/bin/../lib/gcc/nios2-elf/5.3.0/../../../../../H-x86_64-mingw32/nios2-elf/lib\libc.a(lib_a-strcmp.o)
 .debug_info    0x0000000000006359       0xe2 d:/altera18.0/nios2eds/bin/gnu/h-x86_64-mingw32/bin/../lib/gcc/nios2-elf/5.3.0/../../../../../H-x86_64-mingw32/nios2-elf/lib\libc.a(lib_a-strlen.o)
 .debug_info    0x000000000000643b       0xfc d:/altera18.0/nios2eds/bin/gnu/h-x86_64-mingw32/bin/../lib/gcc/nios2-elf/5.3.0/../../../../../H-x86_64-mingw32/nios2-elf/lib\libc.a(lib_a-strncmp.o)
 .debug_info    0x0000000000006537      0x3d7 ../scan_bsp/\libhal_bsp.a(alt_flash_dev.o)
 .debug_info    0x000000000000690e      0x350 ../scan_bsp/\libhal_bsp.a(alt_iic.o)
 .debug_info    0x0000000000006c5e      0x1ef ../scan_bsp/\libhal_bsp.a(alt_iic_isr_register.o)
 .debug_info    0x0000000000006e4d       0x6f ../scan_bsp/\libhal_bsp.a(alt_irq_entry.o)
 .debug_info    0x0000000000006ebc      0x187 ../scan_bsp/\libhal_bsp.a(alt_irq_handler.o)
 .debug_info    0x0000000000007043       0x88 ../scan_bsp/\libhal_bsp.a(alt_irq_vars.o)
 .debug_info    0x00000000000070cb      0x145 ../scan_bsp/\libhal_bsp.a(alt_load.o)
 .debug_info    0x0000000000007210      0x131 ../scan_bsp/\libhal_bsp.a(alt_main.o)
 .debug_info    0x0000000000007341      0x7d0 ../scan_bsp/\libhal_bsp.a(alt_sys_init.o)
 .debug_info    0x0000000000007b11      0x873 ../scan_bsp/\libhal_bsp.a(altera_avalon_epcs_flash_controller.o)
 .debug_info    0x0000000000008384      0x462 ../scan_bsp/\libhal_bsp.a(altera_avalon_fifo_util.o)
 .debug_info    0x00000000000087e6      0x52e ../scan_bsp/\libhal_bsp.a(altera_avalon_jtag_uart_fd.o)
 .debug_info    0x0000000000008d14      0x3a0 ../scan_bsp/\libhal_bsp.a(altera_avalon_jtag_uart_init.o)
 .debug_info    0x00000000000090b4      0x280 ../scan_bsp/\libhal_bsp.a(altera_avalon_jtag_uart_ioctl.o)
 .debug_info    0x0000000000009334      0x345 ../scan_bsp/\libhal_bsp.a(altera_avalon_jtag_uart_read.o)
 .debug_info    0x0000000000009679      0x340 ../scan_bsp/\libhal_bsp.a(altera_avalon_jtag_uart_write.o)
 .debug_info    0x00000000000099b9      0x226 ../scan_bsp/\libhal_bsp.a(altera_avalon_timer_sc.o)
 .debug_info    0x0000000000009bdf      0x44f ../scan_bsp/\libhal_bsp.a(epcs_commands.o)
 .debug_info    0x000000000000a02e      0x2cc ../scan_bsp/\libhal_bsp.a(alt_alarm_start.o)
 .debug_info    0x000000000000a2fa      0x321 ../scan_bsp/\libhal_bsp.a(alt_close.o)
 .debug_info    0x000000000000a61b       0x92 ../scan_bsp/\libhal_bsp.a(alt_dcache_flush_all.o)
 .debug_info    0x000000000000a6ad      0x49c ../scan_bsp/\libhal_bsp.a(alt_dev.o)
 .debug_info    0x000000000000ab49      0x1a9 ../scan_bsp/\libhal_bsp.a(alt_dev_llist_insert.o)
 .debug_info    0x000000000000acf2       0x83 ../scan_bsp/\libhal_bsp.a(alt_do_ctors.o)
 .debug_info    0x000000000000ad75       0x83 ../scan_bsp/\libhal_bsp.a(alt_do_dtors.o)
 .debug_info    0x000000000000adf8       0xa6 ../scan_bsp/\libhal_bsp.a(alt_errno.o)
 .debug_info    0x000000000000ae9e       0x75 ../scan_bsp/\libhal_bsp.a(alt_exception_entry.o)
 .debug_info    0x000000000000af13      0x2e9 ../scan_bsp/\libhal_bsp.a(alt_find_dev.o)
 .debug_info    0x000000000000b1fc       0x92 ../scan_bsp/\libhal_bsp.a(alt_icache_flush_all.o)
 .debug_info    0x000000000000b28e      0x1e7 ../scan_bsp/\libhal_bsp.a(alt_instruction_exception_entry.o)
 .debug_info    0x000000000000b475      0x4a5 ../scan_bsp/\libhal_bsp.a(alt_io_redirect.o)
 .debug_info    0x000000000000b91a      0x3bb ../scan_bsp/\libhal_bsp.a(alt_open.o)
 .debug_info    0x000000000000bcd5      0x2b0 ../scan_bsp/\libhal_bsp.a(alt_release_fd.o)
 .debug_info    0x000000000000bf85      0x299 ../scan_bsp/\libhal_bsp.a(alt_tick.o)
 .debug_info    0x000000000000c21e       0x92 ../scan_bsp/\libhal_bsp.a(altera_nios2_gen2_irq.o)
 .debug_info    0x000000000000c2b0      0x18d ../scan_bsp/\libhal_bsp.a(altera_avalon_spi.o)
 .debug_info    0x000000000000c43d      0x2e6 ../scan_bsp/\libhal_bsp.a(alt_find_file.o)
 .debug_info    0x000000000000c723      0x310 ../scan_bsp/\libhal_bsp.a(alt_get_fd.o)
 .debug_info    0x000000000000ca33       0xdc ../scan_bsp/\libhal_bsp.a(alt_icache_flush.o)
 .debug_info    0x000000000000cb0f       0xfe d:/altera18.0/nios2eds/bin/gnu/h-x86_64-mingw32/bin/../lib/gcc/nios2-elf/5.3.0/../../../../../H-x86_64-mingw32/nios2-elf/lib\libc.a(lib_a-atexit.o)
 .debug_info    0x000000000000cc0d      0x8e4 d:/altera18.0/nios2eds/bin/gnu/h-x86_64-mingw32/bin/../lib/gcc/nios2-elf/5.3.0/../../../../../H-x86_64-mingw32/nios2-elf/lib\libc.a(lib_a-exit.o)
 .debug_info    0x000000000000d4f1      0x8a1 d:/altera18.0/nios2eds/bin/gnu/h-x86_64-mingw32/bin/../lib/gcc/nios2-elf/5.3.0/../../../../../H-x86_64-mingw32/nios2-elf/lib\libc.a(lib_a-impure.o)
 .debug_info    0x000000000000dd92       0x8a d:/altera18.0/nios2eds/bin/gnu/h-x86_64-mingw32/bin/../lib/gcc/nios2-elf/5.3.0/../../../../../H-x86_64-mingw32/nios2-elf/lib\libc.a(lib_a-int_errno.o)
 .debug_info    0x000000000000de1c      0x11a d:/altera18.0/nios2eds/bin/gnu/h-x86_64-mingw32/bin/../lib/gcc/nios2-elf/5.3.0/../../../../../H-x86_64-mingw32/nios2-elf/lib\libc.a(lib_a-memcmp.o)
 .debug_info    0x000000000000df36      0x934 d:/altera18.0/nios2eds/bin/gnu/h-x86_64-mingw32/bin/../lib/gcc/nios2-elf/5.3.0/../../../../../H-x86_64-mingw32/nios2-elf/lib\libc.a(lib_a-__atexit.o)
 .debug_info    0x000000000000e86a      0x965 d:/altera18.0/nios2eds/bin/gnu/h-x86_64-mingw32/bin/../lib/gcc/nios2-elf/5.3.0/../../../../../H-x86_64-mingw32/nios2-elf/lib\libc.a(lib_a-__call_atexit.o)
 .debug_info    0x000000000000f1cf       0xec ../scan_bsp/\libhal_bsp.a(alt_exit.o)

.debug_abbrev   0x0000000000000000     0x4748
 *(.debug_abbrev)
 .debug_abbrev  0x0000000000000000       0x12 ../scan_bsp//obj/HAL/src/crt0.o
 .debug_abbrev  0x0000000000000012      0x160 obj/default/src/bsp.o
 .debug_abbrev  0x0000000000000172      0x11b obj/default/src/device.o
 .debug_abbrev  0x000000000000028d      0x1ab obj/default/src/fpga2nios_protocol.o
 .debug_abbrev  0x0000000000000438      0x170 obj/default/src/iic.o
 .debug_abbrev  0x00000000000005a8       0x8f obj/default/src/led.o
 .debug_abbrev  0x0000000000000637      0x126 obj/default/src/main.o
 .debug_abbrev  0x000000000000075d      0x1a5 obj/default/src/nios2fpga_protocol.o
 .debug_abbrev  0x0000000000000902      0x1ae obj/default/src/pc2dev.o
 .debug_abbrev  0x0000000000000ab0       0xfc obj/default/src/queue.o
 .debug_abbrev  0x0000000000000bac      0x161 obj/default/src/region.o
 .debug_abbrev  0x0000000000000d0d      0x173 obj/default/src/remote_update.o
 .debug_abbrev  0x0000000000000e80      0x167 obj/default/src/sick_protocol.o
 .debug_abbrev  0x0000000000000fe7      0x152 obj/default/src/socket.o
 .debug_abbrev  0x0000000000001139       0xb9 obj/default/src/tim561.o
 .debug_abbrev  0x00000000000011f2      0x11f obj/default/src/user_interrupt.o
 .debug_abbrev  0x0000000000001311      0x1e3 obj/default/src/w5500.o
 .debug_abbrev  0x00000000000014f4      0x10e d:/altera18.0/nios2eds/bin/gnu/h-x86_64-mingw32/bin/../lib/gcc/nios2-elf/5.3.0\libgcc.a(lib2-divmod.o)
 .debug_abbrev  0x0000000000001602       0xa3 d:/altera18.0/nios2eds/bin/gnu/h-x86_64-mingw32/bin/../lib/gcc/nios2-elf/5.3.0/../../../../../H-x86_64-mingw32/nios2-elf/lib\libc.a(lib_a-memcpy.o)
 .debug_abbrev  0x00000000000016a5       0xae d:/altera18.0/nios2eds/bin/gnu/h-x86_64-mingw32/bin/../lib/gcc/nios2-elf/5.3.0/../../../../../H-x86_64-mingw32/nios2-elf/lib\libc.a(lib_a-memset.o)
 .debug_abbrev  0x0000000000001753       0x74 d:/altera18.0/nios2eds/bin/gnu/h-x86_64-mingw32/bin/../lib/gcc/nios2-elf/5.3.0/../../../../../H-x86_64-mingw32/nios2-elf/lib\libc.a(lib_a-strcmp.o)
 .debug_abbrev  0x00000000000017c7       0x90 d:/altera18.0/nios2eds/bin/gnu/h-x86_64-mingw32/bin/../lib/gcc/nios2-elf/5.3.0/../../../../../H-x86_64-mingw32/nios2-elf/lib\libc.a(lib_a-strlen.o)
 .debug_abbrev  0x0000000000001857       0x81 d:/altera18.0/nios2eds/bin/gnu/h-x86_64-mingw32/bin/../lib/gcc/nios2-elf/5.3.0/../../../../../H-x86_64-mingw32/nios2-elf/lib\libc.a(lib_a-strncmp.o)
 .debug_abbrev  0x00000000000018d8      0x11a ../scan_bsp/\libhal_bsp.a(alt_flash_dev.o)
 .debug_abbrev  0x00000000000019f2      0x163 ../scan_bsp/\libhal_bsp.a(alt_iic.o)
 .debug_abbrev  0x0000000000001b55      0x169 ../scan_bsp/\libhal_bsp.a(alt_iic_isr_register.o)
 .debug_abbrev  0x0000000000001cbe       0x12 ../scan_bsp/\libhal_bsp.a(alt_irq_entry.o)
 .debug_abbrev  0x0000000000001cd0      0x122 ../scan_bsp/\libhal_bsp.a(alt_irq_handler.o)
 .debug_abbrev  0x0000000000001df2       0x40 ../scan_bsp/\libhal_bsp.a(alt_irq_vars.o)
 .debug_abbrev  0x0000000000001e32       0x9f ../scan_bsp/\libhal_bsp.a(alt_load.o)
 .debug_abbrev  0x0000000000001ed1       0xba ../scan_bsp/\libhal_bsp.a(alt_main.o)
 .debug_abbrev  0x0000000000001f8b      0x190 ../scan_bsp/\libhal_bsp.a(alt_sys_init.o)
 .debug_abbrev  0x000000000000211b      0x1c9 ../scan_bsp/\libhal_bsp.a(altera_avalon_epcs_flash_controller.o)
 .debug_abbrev  0x00000000000022e4       0xb0 ../scan_bsp/\libhal_bsp.a(altera_avalon_fifo_util.o)
 .debug_abbrev  0x0000000000002394      0x127 ../scan_bsp/\libhal_bsp.a(altera_avalon_jtag_uart_fd.o)
 .debug_abbrev  0x00000000000024bb      0x19e ../scan_bsp/\libhal_bsp.a(altera_avalon_jtag_uart_init.o)
 .debug_abbrev  0x0000000000002659      0x111 ../scan_bsp/\libhal_bsp.a(altera_avalon_jtag_uart_ioctl.o)
 .debug_abbrev  0x000000000000276a      0x1aa ../scan_bsp/\libhal_bsp.a(altera_avalon_jtag_uart_read.o)
 .debug_abbrev  0x0000000000002914      0x1a8 ../scan_bsp/\libhal_bsp.a(altera_avalon_jtag_uart_write.o)
 .debug_abbrev  0x0000000000002abc      0x155 ../scan_bsp/\libhal_bsp.a(altera_avalon_timer_sc.o)
 .debug_abbrev  0x0000000000002c11      0x169 ../scan_bsp/\libhal_bsp.a(epcs_commands.o)
 .debug_abbrev  0x0000000000002d7a      0x162 ../scan_bsp/\libhal_bsp.a(alt_alarm_start.o)
 .debug_abbrev  0x0000000000002edc      0x11f ../scan_bsp/\libhal_bsp.a(alt_close.o)
 .debug_abbrev  0x0000000000002ffb       0x42 ../scan_bsp/\libhal_bsp.a(alt_dcache_flush_all.o)
 .debug_abbrev  0x000000000000303d       0xd9 ../scan_bsp/\libhal_bsp.a(alt_dev.o)
 .debug_abbrev  0x0000000000003116      0x114 ../scan_bsp/\libhal_bsp.a(alt_dev_llist_insert.o)
 .debug_abbrev  0x000000000000322a       0x79 ../scan_bsp/\libhal_bsp.a(alt_do_ctors.o)
 .debug_abbrev  0x00000000000032a3       0x79 ../scan_bsp/\libhal_bsp.a(alt_do_dtors.o)
 .debug_abbrev  0x000000000000331c       0x5a ../scan_bsp/\libhal_bsp.a(alt_errno.o)
 .debug_abbrev  0x0000000000003376       0x12 ../scan_bsp/\libhal_bsp.a(alt_exception_entry.o)
 .debug_abbrev  0x0000000000003388       0xf0 ../scan_bsp/\libhal_bsp.a(alt_find_dev.o)
 .debug_abbrev  0x0000000000003478       0x42 ../scan_bsp/\libhal_bsp.a(alt_icache_flush_all.o)
 .debug_abbrev  0x00000000000034ba       0xdc ../scan_bsp/\libhal_bsp.a(alt_instruction_exception_entry.o)
 .debug_abbrev  0x0000000000003596      0x114 ../scan_bsp/\libhal_bsp.a(alt_io_redirect.o)
 .debug_abbrev  0x00000000000036aa      0x148 ../scan_bsp/\libhal_bsp.a(alt_open.o)
 .debug_abbrev  0x00000000000037f2       0xde ../scan_bsp/\libhal_bsp.a(alt_release_fd.o)
 .debug_abbrev  0x00000000000038d0      0x15a ../scan_bsp/\libhal_bsp.a(alt_tick.o)
 .debug_abbrev  0x0000000000003a2a       0x42 ../scan_bsp/\libhal_bsp.a(altera_nios2_gen2_irq.o)
 .debug_abbrev  0x0000000000003a6c       0x8a ../scan_bsp/\libhal_bsp.a(altera_avalon_spi.o)
 .debug_abbrev  0x0000000000003af6       0xf0 ../scan_bsp/\libhal_bsp.a(alt_find_file.o)
 .debug_abbrev  0x0000000000003be6      0x10d ../scan_bsp/\libhal_bsp.a(alt_get_fd.o)
 .debug_abbrev  0x0000000000003cf3       0x8c ../scan_bsp/\libhal_bsp.a(alt_icache_flush.o)
 .debug_abbrev  0x0000000000003d7f       0xaa d:/altera18.0/nios2eds/bin/gnu/h-x86_64-mingw32/bin/../lib/gcc/nios2-elf/5.3.0/../../../../../H-x86_64-mingw32/nios2-elf/lib\libc.a(lib_a-atexit.o)
 .debug_abbrev  0x0000000000003e29      0x1e5 d:/altera18.0/nios2eds/bin/gnu/h-x86_64-mingw32/bin/../lib/gcc/nios2-elf/5.3.0/../../../../../H-x86_64-mingw32/nios2-elf/lib\libc.a(lib_a-exit.o)
 .debug_abbrev  0x000000000000400e      0x18f d:/altera18.0/nios2eds/bin/gnu/h-x86_64-mingw32/bin/../lib/gcc/nios2-elf/5.3.0/../../../../../H-x86_64-mingw32/nios2-elf/lib\libc.a(lib_a-impure.o)
 .debug_abbrev  0x000000000000419d       0x37 d:/altera18.0/nios2eds/bin/gnu/h-x86_64-mingw32/bin/../lib/gcc/nios2-elf/5.3.0/../../../../../H-x86_64-mingw32/nios2-elf/lib\libc.a(lib_a-int_errno.o)
 .debug_abbrev  0x00000000000041d4       0x7f d:/altera18.0/nios2eds/bin/gnu/h-x86_64-mingw32/bin/../lib/gcc/nios2-elf/5.3.0/../../../../../H-x86_64-mingw32/nios2-elf/lib\libc.a(lib_a-memcmp.o)
 .debug_abbrev  0x0000000000004253      0x21e d:/altera18.0/nios2eds/bin/gnu/h-x86_64-mingw32/bin/../lib/gcc/nios2-elf/5.3.0/../../../../../H-x86_64-mingw32/nios2-elf/lib\libc.a(lib_a-__atexit.o)
 .debug_abbrev  0x0000000000004471      0x22e d:/altera18.0/nios2eds/bin/gnu/h-x86_64-mingw32/bin/../lib/gcc/nios2-elf/5.3.0/../../../../../H-x86_64-mingw32/nios2-elf/lib\libc.a(lib_a-__call_atexit.o)
 .debug_abbrev  0x000000000000469f       0xa9 ../scan_bsp/\libhal_bsp.a(alt_exit.o)

.debug_line     0x0000000000000000     0x51e1
 *(.debug_line)
 .debug_line    0x0000000000000000       0x6c ../scan_bsp//obj/HAL/src/crt0.o
 .debug_line    0x000000000000006c      0x1d0 obj/default/src/bsp.o
 .debug_line    0x000000000000023c       0xfe obj/default/src/device.o
 .debug_line    0x000000000000033a      0x295 obj/default/src/fpga2nios_protocol.o
 .debug_line    0x00000000000005cf      0x21b obj/default/src/iic.o
 .debug_line    0x00000000000007ea       0x77 obj/default/src/led.o
 .debug_line    0x0000000000000861      0x203 obj/default/src/main.o
 .debug_line    0x0000000000000a64      0x186 obj/default/src/nios2fpga_protocol.o
 .debug_line    0x0000000000000bea      0x4a2 obj/default/src/pc2dev.o
 .debug_line    0x000000000000108c       0x95 obj/default/src/queue.o
 .debug_line    0x0000000000001121      0x164 obj/default/src/region.o
 .debug_line    0x0000000000001285      0x12a obj/default/src/remote_update.o
 .debug_line    0x00000000000013af      0x244 obj/default/src/sick_protocol.o
 .debug_line    0x00000000000015f3      0x26e obj/default/src/socket.o
 .debug_line    0x0000000000001861       0x4e obj/default/src/tim561.o
 .debug_line    0x00000000000018af      0x114 obj/default/src/user_interrupt.o
 .debug_line    0x00000000000019c3      0x2a2 obj/default/src/w5500.o
 .debug_line    0x0000000000001c65      0x102 d:/altera18.0/nios2eds/bin/gnu/h-x86_64-mingw32/bin/../lib/gcc/nios2-elf/5.3.0\libgcc.a(lib2-divmod.o)
 .debug_line    0x0000000000001d67      0x189 d:/altera18.0/nios2eds/bin/gnu/h-x86_64-mingw32/bin/../lib/gcc/nios2-elf/5.3.0/../../../../../H-x86_64-mingw32/nios2-elf/lib\libc.a(lib_a-memcpy.o)
 .debug_line    0x0000000000001ef0      0x18c d:/altera18.0/nios2eds/bin/gnu/h-x86_64-mingw32/bin/../lib/gcc/nios2-elf/5.3.0/../../../../../H-x86_64-mingw32/nios2-elf/lib\libc.a(lib_a-memset.o)
 .debug_line    0x000000000000207c       0xfe d:/altera18.0/nios2eds/bin/gnu/h-x86_64-mingw32/bin/../lib/gcc/nios2-elf/5.3.0/../../../../../H-x86_64-mingw32/nios2-elf/lib\libc.a(lib_a-strcmp.o)
 .debug_line    0x000000000000217a      0x16c d:/altera18.0/nios2eds/bin/gnu/h-x86_64-mingw32/bin/../lib/gcc/nios2-elf/5.3.0/../../../../../H-x86_64-mingw32/nios2-elf/lib\libc.a(lib_a-strlen.o)
 .debug_line    0x00000000000022e6      0x19a d:/altera18.0/nios2eds/bin/gnu/h-x86_64-mingw32/bin/../lib/gcc/nios2-elf/5.3.0/../../../../../H-x86_64-mingw32/nios2-elf/lib\libc.a(lib_a-strncmp.o)
 .debug_line    0x0000000000002480       0xde ../scan_bsp/\libhal_bsp.a(alt_flash_dev.o)
 .debug_line    0x000000000000255e       0xeb ../scan_bsp/\libhal_bsp.a(alt_iic.o)
 .debug_line    0x0000000000002649       0xdb ../scan_bsp/\libhal_bsp.a(alt_iic_isr_register.o)
 .debug_line    0x0000000000002724       0x6b ../scan_bsp/\libhal_bsp.a(alt_irq_entry.o)
 .debug_line    0x000000000000278f       0xaa ../scan_bsp/\libhal_bsp.a(alt_irq_handler.o)
 .debug_line    0x0000000000002839       0x50 ../scan_bsp/\libhal_bsp.a(alt_irq_vars.o)
 .debug_line    0x0000000000002889       0x8e ../scan_bsp/\libhal_bsp.a(alt_load.o)
 .debug_line    0x0000000000002917       0xa4 ../scan_bsp/\libhal_bsp.a(alt_main.o)
 .debug_line    0x00000000000029bb      0x1a8 ../scan_bsp/\libhal_bsp.a(alt_sys_init.o)
 .debug_line    0x0000000000002b63      0x2d4 ../scan_bsp/\libhal_bsp.a(altera_avalon_epcs_flash_controller.o)
 .debug_line    0x0000000000002e37       0xfb ../scan_bsp/\libhal_bsp.a(altera_avalon_fifo_util.o)
 .debug_line    0x0000000000002f32      0x12f ../scan_bsp/\libhal_bsp.a(altera_avalon_jtag_uart_fd.o)
 .debug_line    0x0000000000003061      0x18b ../scan_bsp/\libhal_bsp.a(altera_avalon_jtag_uart_init.o)
 .debug_line    0x00000000000031ec      0x131 ../scan_bsp/\libhal_bsp.a(altera_avalon_jtag_uart_ioctl.o)
 .debug_line    0x000000000000331d      0x171 ../scan_bsp/\libhal_bsp.a(altera_avalon_jtag_uart_read.o)
 .debug_line    0x000000000000348e      0x170 ../scan_bsp/\libhal_bsp.a(altera_avalon_jtag_uart_write.o)
 .debug_line    0x00000000000035fe       0xfd ../scan_bsp/\libhal_bsp.a(altera_avalon_timer_sc.o)
 .debug_line    0x00000000000036fb      0x113 ../scan_bsp/\libhal_bsp.a(epcs_commands.o)
 .debug_line    0x000000000000380e       0xf9 ../scan_bsp/\libhal_bsp.a(alt_alarm_start.o)
 .debug_line    0x0000000000003907      0x15c ../scan_bsp/\libhal_bsp.a(alt_close.o)
 .debug_line    0x0000000000003a63       0x51 ../scan_bsp/\libhal_bsp.a(alt_dcache_flush_all.o)
 .debug_line    0x0000000000003ab4       0xef ../scan_bsp/\libhal_bsp.a(alt_dev.o)
 .debug_line    0x0000000000003ba3       0xcf ../scan_bsp/\libhal_bsp.a(alt_dev_llist_insert.o)
 .debug_line    0x0000000000003c72       0x59 ../scan_bsp/\libhal_bsp.a(alt_do_ctors.o)
 .debug_line    0x0000000000003ccb       0x59 ../scan_bsp/\libhal_bsp.a(alt_do_dtors.o)
 .debug_line    0x0000000000003d24       0x51 ../scan_bsp/\libhal_bsp.a(alt_errno.o)
 .debug_line    0x0000000000003d75       0xb3 ../scan_bsp/\libhal_bsp.a(alt_exception_entry.o)
 .debug_line    0x0000000000003e28       0xb5 ../scan_bsp/\libhal_bsp.a(alt_find_dev.o)
 .debug_line    0x0000000000003edd       0x50 ../scan_bsp/\libhal_bsp.a(alt_icache_flush_all.o)
 .debug_line    0x0000000000003f2d       0xba ../scan_bsp/\libhal_bsp.a(alt_instruction_exception_entry.o)
 .debug_line    0x0000000000003fe7      0x12a ../scan_bsp/\libhal_bsp.a(alt_io_redirect.o)
 .debug_line    0x0000000000004111      0x128 ../scan_bsp/\libhal_bsp.a(alt_open.o)
 .debug_line    0x0000000000004239       0xae ../scan_bsp/\libhal_bsp.a(alt_release_fd.o)
 .debug_line    0x00000000000042e7       0xff ../scan_bsp/\libhal_bsp.a(alt_tick.o)
 .debug_line    0x00000000000043e6       0x51 ../scan_bsp/\libhal_bsp.a(altera_nios2_gen2_irq.o)
 .debug_line    0x0000000000004437       0xb7 ../scan_bsp/\libhal_bsp.a(altera_avalon_spi.o)
 .debug_line    0x00000000000044ee       0xd1 ../scan_bsp/\libhal_bsp.a(alt_find_file.o)
 .debug_line    0x00000000000045bf       0xd4 ../scan_bsp/\libhal_bsp.a(alt_get_fd.o)
 .debug_line    0x0000000000004693       0x81 ../scan_bsp/\libhal_bsp.a(alt_icache_flush.o)
 .debug_line    0x0000000000004714       0xe4 d:/altera18.0/nios2eds/bin/gnu/h-x86_64-mingw32/bin/../lib/gcc/nios2-elf/5.3.0/../../../../../H-x86_64-mingw32/nios2-elf/lib\libc.a(lib_a-atexit.o)
 .debug_line    0x00000000000047f8      0x1f9 d:/altera18.0/nios2eds/bin/gnu/h-x86_64-mingw32/bin/../lib/gcc/nios2-elf/5.3.0/../../../../../H-x86_64-mingw32/nios2-elf/lib\libc.a(lib_a-exit.o)
 .debug_line    0x00000000000049f1      0x15d d:/altera18.0/nios2eds/bin/gnu/h-x86_64-mingw32/bin/../lib/gcc/nios2-elf/5.3.0/../../../../../H-x86_64-mingw32/nios2-elf/lib\libc.a(lib_a-impure.o)
 .debug_line    0x0000000000004b4e       0x5c d:/altera18.0/nios2eds/bin/gnu/h-x86_64-mingw32/bin/../lib/gcc/nios2-elf/5.3.0/../../../../../H-x86_64-mingw32/nios2-elf/lib\libc.a(lib_a-int_errno.o)
 .debug_line    0x0000000000004baa      0x173 d:/altera18.0/nios2eds/bin/gnu/h-x86_64-mingw32/bin/../lib/gcc/nios2-elf/5.3.0/../../../../../H-x86_64-mingw32/nios2-elf/lib\libc.a(lib_a-memcmp.o)
 .debug_line    0x0000000000004d1d      0x21c d:/altera18.0/nios2eds/bin/gnu/h-x86_64-mingw32/bin/../lib/gcc/nios2-elf/5.3.0/../../../../../H-x86_64-mingw32/nios2-elf/lib\libc.a(lib_a-__atexit.o)
 .debug_line    0x0000000000004f39      0x237 d:/altera18.0/nios2eds/bin/gnu/h-x86_64-mingw32/bin/../lib/gcc/nios2-elf/5.3.0/../../../../../H-x86_64-mingw32/nios2-elf/lib\libc.a(lib_a-__call_atexit.o)
 .debug_line    0x0000000000005170       0x71 ../scan_bsp/\libhal_bsp.a(alt_exit.o)

.debug_frame    0x0000000000000000     0x2480
 *(.debug_frame)