Flow report for SingleScan
Fri Nov 15 16:10:25 2019
Quartus Prime Version 18.0.0 Build 614 04/24/2018 SJ Standard Edition


---------------------
; Table of Contents ;
---------------------
  1. Legal Notice
  2. Flow Summary
  3. Flow Settings
  4. Flow Non-Default Global Settings
  5. Flow Elapsed Time
  6. Flow OS Summary
  7. Flow Log
  8. Flow Messages
  9. Flow Suppressed Messages



----------------
; Legal Notice ;
----------------
Copyright (C) 2018  Intel Corporation. All rights reserved.
Your use of Intel Corporation's design tools, logic functions 
and other software and tools, and its AMPP partner logic 
functions, and any output files from any of the foregoing 
(including device programming or simulation files), and any 
associated documentation or information are expressly subject 
to the terms and conditions of the Intel Program License 
Subscription Agreement, the Intel Quartus Prime License Agreement,
the Intel FPGA IP License Agreement, or other applicable license
agreement, including, without limitation, that your use is for
the sole purpose of programming logic devices manufactured by
Intel and sold by Intel or its authorized distributors.  Please
refer to the applicable agreement for further details.



+--------------------------------------------------------------------------------------+
; Flow Summary                                                                         ;
+------------------------------------+-------------------------------------------------+
; Flow Status                        ; Successful - Fri Nov 15 16:10:08 2019           ;
; Quartus Prime Version              ; 18.0.0 Build 614 04/24/2018 SJ Standard Edition ;
; Revision Name                      ; SingleScan                                      ;
; Top-level Entity Name              ; SingleScan                                      ;
; Family                             ; Cyclone IV GX                                   ;
; Device                             ; EP4CGX50CF23I7                                  ;
; Timing Models                      ; Final                                           ;
; Total logic elements               ; 24,455 / 49,888 ( 49 % )                        ;
;     Total combinational functions  ; 19,470 / 49,888 ( 39 % )                        ;
;     Dedicated logic registers      ; 15,624 / 49,888 ( 31 % )                        ;
; Total registers                    ; 15624                                           ;
; Total pins                         ; 79 / 307 ( 26 % )                               ;
; Total virtual pins                 ; 0                                               ;
; Total memory bits                  ; 1,848,309 / 2,562,048 ( 72 % )                  ;
; Embedded Multiplier 9-bit elements ; 118 / 280 ( 42 % )                              ;
; Total GXB Receiver Channel PCS     ; 1 / 4 ( 25 % )                                  ;
; Total GXB Receiver Channel PMA     ; 1 / 4 ( 25 % )                                  ;
; Total GXB Transmitter Channel PCS  ; 1 / 4 ( 25 % )                                  ;
; Total GXB Transmitter Channel PMA  ; 1 / 4 ( 25 % )                                  ;
; Total PLLs                         ; 3 / 6 ( 50 % )                                  ;
+------------------------------------+-------------------------------------------------+


+-----------------------------------------+
; Flow Settings                           ;
+-------------------+---------------------+
; Option            ; Setting             ;
+-------------------+---------------------+
; Start date & time ; 11/15/2019 16:01:46 ;
; Main task         ; Compilation         ;
; Revision Name     ; SingleScan          ;
+-------------------+---------------------+


+-----------------------------------------------------------------------------------------------------------------------------------------------------------------------------------------+
; Flow Non-Default Global Settings                                                                                                                                                        ;
+----------------------------------------------+-----------------------------------------------------------------------------------------------+---------------+-------------+------------+
; Assignment Name                              ; Value                                                                                         ; Default Value ; Entity Name ; Section Id ;
+----------------------------------------------+-----------------------------------------------------------------------------------------------+---------------+-------------+------------+
; COMPILER_SIGNATURE_ID                        ; 163580557802543.157380490506096                                                               ; --            ; --          ; --         ;
; CYCLONEII_OPTIMIZATION_TECHNIQUE             ; Speed                                                                                         ; Balanced      ; --          ; --         ;
; ENABLE_SIGNALTAP                             ; On                                                                                            ; --            ; --          ; --         ;
; FITTER_EFFORT                                ; Standard Fit                                                                                  ; Auto Fit      ; --          ; --         ;
; MAX_CORE_JUNCTION_TEMP                       ; 100                                                                                           ; --            ; --          ; --         ;
; MIN_CORE_JUNCTION_TEMP                       ; -40                                                                                           ; --            ; --          ; --         ;
; MISC_FILE                                    ; ../ip/pll/pll_100m.ppf                                                                        ; --            ; --          ; --         ;
; NOMINAL_CORE_SUPPLY_VOLTAGE                  ; 1.2V                                                                                          ; --            ; --          ; --         ;
; NUM_PARALLEL_PROCESSORS                      ; All                                                                                           ; --            ; --          ; --         ;
; OPTIMIZATION_MODE                            ; High Performance Effort                                                                       ; Balanced      ; --          ; --         ;
; OUTPUT_IO_TIMING_FAR_END_VMEAS               ; Half Signal Swing                                                                             ; --            ; --          ; --         ;
; OUTPUT_IO_TIMING_FAR_END_VMEAS               ; Half Signal Swing                                                                             ; --            ; --          ; --         ;
; OUTPUT_IO_TIMING_NEAR_END_VMEAS              ; Half Vccio                                                                                    ; --            ; --          ; --         ;
; OUTPUT_IO_TIMING_NEAR_END_VMEAS              ; Half Vccio                                                                                    ; --            ; --          ; --         ;
; PARTITION_COLOR                              ; -- (Not supported for targeted family)                                                        ; --            ; --          ; Top        ;
; PARTITION_FITTER_PRESERVATION_LEVEL          ; -- (Not supported for targeted family)                                                        ; --            ; --          ; Top        ;
; PARTITION_NETLIST_TYPE                       ; -- (Not supported for targeted family)                                                        ; --            ; --          ; Top        ;
; PHYSICAL_SYNTHESIS_COMBO_LOGIC               ; On                                                                                            ; Off           ; --          ; --         ;
; PHYSICAL_SYNTHESIS_REGISTER_DUPLICATION      ; On                                                                                            ; Off           ; --          ; --         ;
; PHYSICAL_SYNTHESIS_REGISTER_RETIMING         ; On                                                                                            ; Off           ; --          ; --         ;
; PLACEMENT_EFFORT_MULTIPLIER                  ; 4.0                                                                                           ; 1.0           ; --          ; --         ;
; POWER_BOARD_THERMAL_MODEL                    ; None (CONSERVATIVE)                                                                           ; --            ; --          ; --         ;
; POWER_PRESET_COOLING_SOLUTION                ; 23 MM HEAT SINK WITH 200 LFPM AIRFLOW                                                         ; --            ; --          ; --         ;
; PROJECT_OUTPUT_DIRECTORY                     ; output_files                                                                                  ; --            ; --          ; --         ;
; QII_AUTO_PACKED_REGISTERS                    ; Normal                                                                                        ; Auto          ; --          ; --         ;
; ROUTER_CLOCKING_TOPOLOGY_ANALYSIS            ; On                                                                                            ; Off           ; --          ; --         ;
; ROUTER_LCELL_INSERTION_AND_LOGIC_DUPLICATION ; On                                                                                            ; Auto          ; --          ; --         ;
; ROUTER_TIMING_OPTIMIZATION_LEVEL             ; MAXIMUM                                                                                       ; Normal        ; --          ; --         ;
; SLD_FILE                                     ; db/para_auto_stripped.stp                                                                     ; --            ; --          ; --         ;
; SLD_NODE_CREATOR_ID                          ; 110                                                                                           ; --            ; --          ; rx         ;
; SLD_NODE_ENTITY_NAME                         ; sld_signaltap                                                                                 ; --            ; --          ; rx         ;
; SLD_NODE_PARAMETER_ASSIGNMENT                ; SLD_RAM_BLOCK_TYPE=AUTO                                                                       ; --            ; --          ; rx         ;
; SLD_NODE_PARAMETER_ASSIGNMENT                ; SLD_DATA_BITS=17                                                                              ; --            ; --          ; rx         ;
; SLD_NODE_PARAMETER_ASSIGNMENT                ; SLD_TRIGGER_BITS=17                                                                           ; --            ; --          ; rx         ;
; SLD_NODE_PARAMETER_ASSIGNMENT                ; SLD_STORAGE_QUALIFIER_BITS=17                                                                 ; --            ; --          ; rx         ;
; SLD_NODE_PARAMETER_ASSIGNMENT                ; SLD_NODE_INFO=805334548                                                                       ; --            ; --          ; rx         ;
; SLD_NODE_PARAMETER_ASSIGNMENT                ; SLD_POWER_UP_TRIGGER=0                                                                        ; --            ; --          ; rx         ;
; SLD_NODE_PARAMETER_ASSIGNMENT                ; SLD_INVERSION_MASK=00000000000000000000000000000000000000000000000000000000000000000000000000 ; --            ; --          ; rx         ;
; SLD_NODE_PARAMETER_ASSIGNMENT                ; SLD_INVERSION_MASK_LENGTH=74                                                                  ; --            ; --          ; rx         ;
; SLD_NODE_PARAMETER_ASSIGNMENT                ; SLD_STORAGE_QUALIFIER_INVERSION_MASK_LENGTH=0                                                 ; --            ; --          ; rx         ;
; SLD_NODE_PARAMETER_ASSIGNMENT                ; SLD_SEGMENT_SIZE=512                                                                          ; --            ; --          ; rx         ;
; SLD_NODE_PARAMETER_ASSIGNMENT                ; SLD_ATTRIBUTE_MEM_MODE=OFF                                                                    ; --            ; --          ; rx         ;
; SLD_NODE_PARAMETER_ASSIGNMENT                ; SLD_STATE_FLOW_USE_GENERATED=0                                                                ; --            ; --          ; rx         ;
; SLD_NODE_PARAMETER_ASSIGNMENT                ; SLD_STATE_BITS=11                                                                             ; --            ; --          ; rx         ;
; SLD_NODE_PARAMETER_ASSIGNMENT                ; SLD_BUFFER_FULL_STOP=1                                                                        ; --            ; --          ; rx         ;
; SLD_NODE_PARAMETER_ASSIGNMENT                ; SLD_CURRENT_RESOURCE_WIDTH=1                                                                  ; --            ; --          ; rx         ;
; SLD_NODE_PARAMETER_ASSIGNMENT                ; SLD_INCREMENTAL_ROUTING=1                                                                     ; --            ; --          ; rx         ;
; SLD_NODE_PARAMETER_ASSIGNMENT                ; SLD_TRIGGER_LEVEL=1                                                                           ; --            ; --          ; rx         ;
; SLD_NODE_PARAMETER_ASSIGNMENT                ; SLD_SAMPLE_DEPTH=512                                                                          ; --            ; --          ; rx         ;
; SLD_NODE_PARAMETER_ASSIGNMENT                ; SLD_TRIGGER_IN_ENABLED=0                                                                      ; --            ; --          ; rx         ;
; SLD_NODE_PARAMETER_ASSIGNMENT                ; SLD_TRIGGER_PIPELINE=0                                                                        ; --            ; --          ; rx         ;
; SLD_NODE_PARAMETER_ASSIGNMENT                ; SLD_RAM_PIPELINE=0                                                                            ; --            ; --          ; rx         ;
; SLD_NODE_PARAMETER_ASSIGNMENT                ; SLD_COUNTER_PIPELINE=0                                                                        ; --            ; --          ; rx         ;
; SLD_NODE_PARAMETER_ASSIGNMENT                ; SLD_ADVANCED_TRIGGER_ENTITY=basic,1,                                                          ; --            ; --          ; rx         ;
; SLD_NODE_PARAMETER_ASSIGNMENT                ; SLD_TRIGGER_LEVEL_PIPELINE=1                                                                  ; --            ; --          ; rx         ;
; SLD_NODE_PARAMETER_ASSIGNMENT                ; SLD_ENABLE_ADVANCED_TRIGGER=0                                                                 ; --            ; --          ; rx         ;
; SMART_RECOMPILE                              ; On                                                                                            ; Off           ; --          ; --         ;
; SYNCHRONIZATION_REGISTER_CHAIN_LENGTH        ; 3                                                                                             ; 2             ; --          ; --         ;
; USE_SIGNALTAP_FILE                           ; output_files/para.stp                                                                         ; --            ; --          ; --         ;
; VERILOG_SHOW_LMF_MAPPING_MESSAGES            ; Off                                                                                           ; --            ; --          ; --         ;
+----------------------------------------------+-----------------------------------------------------------------------------------------------+---------------+-------------+------------+


+--------------------------------------------------------------------------------------------------------------------------+
; Flow Elapsed Time                                                                                                        ;
+----------------------+--------------+-------------------------+---------------------+------------------------------------+
; Module Name          ; Elapsed Time ; Average Processors Used ; Peak Virtual Memory ; Total CPU Time (on all processors) ;
+----------------------+--------------+-------------------------+---------------------+------------------------------------+
; Analysis & Synthesis ; 00:02:54     ; 1.0                     ; 1322 MB             ; 00:03:58                           ;
; Fitter               ; 00:05:04     ; 1.1                     ; 1873 MB             ; 00:07:51                           ;
; Assembler            ; 00:00:07     ; 1.0                     ; 727 MB              ; 00:00:07                           ;
; Timing Analyzer      ; 00:00:15     ; 1.2                     ; 1008 MB             ; 00:00:17                           ;
; Total                ; 00:08:20     ; --                      ; --                  ; 00:12:13                           ;
+----------------------+--------------+-------------------------+---------------------+------------------------------------+


+-----------------------------------------------------------------------------------+
; Flow OS Summary                                                                   ;
+----------------------+------------------+-----------+------------+----------------+
; Module Name          ; Machine Hostname ; OS Name   ; OS Version ; Processor type ;
+----------------------+------------------+-----------+------------+----------------+
; Analysis & Synthesis ; admin-PC         ; Windows 7 ; 6.1        ; x86_64         ;
; Fitter               ; admin-PC         ; Windows 7 ; 6.1        ; x86_64         ;
; Assembler            ; admin-PC         ; Windows 7 ; 6.1        ; x86_64         ;
; Timing Analyzer      ; admin-PC         ; Windows 7 ; 6.1        ; x86_64         ;
+----------------------+------------------+-----------+------------+----------------+


------------
; Flow Log ;
------------
quartus_map --read_settings_files=on --write_settings_files=off SingleScan -c SingleScan
quartus_fit --read_settings_files=off --write_settings_files=off SingleScan -c SingleScan
quartus_asm --read_settings_files=off --write_settings_files=off SingleScan -c SingleScan
quartus_sta SingleScan -c SingleScan



