------------------------------------------------------------
Timing Analyzer Summary
------------------------------------------------------------

Type  : Slow 1200mV 100C Model Setup 'rx_clkout'
Slack : -1.099
TNS   : -91.266

Type  : Slow 1200mV 100C Model Setup 'pll_100mEx01|altpll_component|auto_generated|pll1|clk[0]'
Slack : 1.110
TNS   : 0.000

Type  : Slow 1200mV 100C Model Setup 'laser_send_topEx01|n1|altpll_component|auto_generated|pll1|clk[0]'
Slack : 2.919
TNS   : 0.000

Type  : Slow 1200mV 100C Model Setup 'n/a'
Slack : 11.465
TNS   : 0.000

Type  : Slow 1200mV 100C Model Setup 'osc_clk'
Slack : 15.590
TNS   : 0.000

Type  : Slow 1200mV 100C Model Setup 'altera_reserved_tck'
Slack : 41.630
TNS   : 0.000

Type  : Slow 1200mV 100C Model Hold 'pll_100mEx01|altpll_component|auto_generated|pll1|clk[0]'
Slack : 0.315
TNS   : 0.000

Type  : Slow 1200mV 100C Model Hold 'rx_clkout'
Slack : 0.317
TNS   : 0.000

Type  : Slow 1200mV 100C Model Hold 'osc_clk'
Slack : 0.403
TNS   : 0.000

Type  : Slow 1200mV 100C Model Hold 'altera_reserved_tck'
Slack : 0.404
TNS   : 0.000

Type  : Slow 1200mV 100C Model Hold 'laser_send_topEx01|n1|altpll_component|auto_generated|pll1|clk[0]'
Slack : 0.595
TNS   : 0.000

Type  : Slow 1200mV 100C Model Hold 'n/a'
Slack : 5.204
TNS   : 0.000

Type  : Slow 1200mV 100C Model Recovery 'laser_send_topEx01|n1|altpll_component|auto_generated|pll1|clk[0]'
Slack : -3.344
TNS   : -6.688

Type  : Slow 1200mV 100C Model Recovery 'rx_clkout'
Slack : 1.707
TNS   : 0.000

Type  : Slow 1200mV 100C Model Recovery 'pll_100mEx01|altpll_component|auto_generated|pll1|clk[0]'
Slack : 2.151
TNS   : 0.000

Type  : Slow 1200mV 100C Model Recovery 'osc_clk'
Slack : 15.879
TNS   : 0.000

Type  : Slow 1200mV 100C Model Recovery 'altera_reserved_tck'
Slack : 47.354
TNS   : 0.000

Type  : Slow 1200mV 100C Model Removal 'altera_reserved_tck'
Slack : 0.996
TNS   : 0.000

Type  : Slow 1200mV 100C Model Removal 'pll_100mEx01|altpll_component|auto_generated|pll1|clk[0]'
Slack : 3.122
TNS   : 0.000

Type  : Slow 1200mV 100C Model Removal 'osc_clk'
Slack : 3.369
TNS   : 0.000

Type  : Slow 1200mV 100C Model Removal 'rx_clkout'
Slack : 4.344
TNS   : 0.000

Type  : Slow 1200mV 100C Model Removal 'laser_send_topEx01|n1|altpll_component|auto_generated|pll1|clk[0]'
Slack : 6.055
TNS   : 0.000

Type  : Slow 1200mV 100C Model Minimum Pulse Width 'laser_send_topEx01|n1|altpll_component|auto_generated|pll1|clk[0]'
Slack : 1.500
TNS   : 0.000

Type  : Slow 1200mV 100C Model Minimum Pulse Width 'altgx_drive:altgx_driveEx01|ALTGX:ALTGXEx01|ALTGX_alt_c3gxb:ALTGX_alt_c3gxb_component|rx_pma_clockout[0]'
Slack : 2.000
TNS   : 0.000

Type  : Slow 1200mV 100C Model Minimum Pulse Width 'altgx_drive:altgx_driveEx01|ALTGX:ALTGXEx01|ALTGX_alt_c3gxb:ALTGX_alt_c3gxb_component|tx_localrefclk[0]'
Slack : 2.000
TNS   : 0.000

Type  : Slow 1200mV 100C Model Minimum Pulse Width 'rx_clkout'
Slack : 3.584
TNS   : 0.000

Type  : Slow 1200mV 100C Model Minimum Pulse Width 'altgx_driveEx01|ALTGXEx01|ALTGX_alt_c3gxb_component|receive_pcs0|recoveredclk'
Slack : 4.000
TNS   : 0.000

Type  : Slow 1200mV 100C Model Minimum Pulse Width 'altgx_driveEx01|ALTGXEx01|ALTGX_alt_c3gxb_component|transmit_pcs0|localrefclk'
Slack : 4.000
TNS   : 0.000

Type  : Slow 1200mV 100C Model Minimum Pulse Width 'pll_100mEx01|altpll_component|auto_generated|pll1|clk[0]'
Slack : 4.540
TNS   : 0.000

Type  : Slow 1200mV 100C Model Minimum Pulse Width 'osc_clk'
Slack : 9.610
TNS   : 0.000

Type  : Slow 1200mV 100C Model Minimum Pulse Width 'altera_reserved_tck'
Slack : 49.706
TNS   : 0.000

Type  : Slow 1200mV -40C Model Setup 'rx_clkout'
Slack : 0.264
TNS   : 0.000

Type  : Slow 1200mV -40C Model Setup 'pll_100mEx01|altpll_component|auto_generated|pll1|clk[0]'
Slack : 2.052
TNS   : 0.000

Type  : Slow 1200mV -40C Model Setup 'laser_send_topEx01|n1|altpll_component|auto_generated|pll1|clk[0]'
Slack : 3.052
TNS   : 0.000

Type  : Slow 1200mV -40C Model Setup 'n/a'
Slack : 12.489
TNS   : 0.000

Type  : Slow 1200mV -40C Model Setup 'osc_clk'
Slack : 16.031
TNS   : 0.000

Type  : Slow 1200mV -40C Model Setup 'altera_reserved_tck'
Slack : 42.374
TNS   : 0.000

Type  : Slow 1200mV -40C Model Hold 'rx_clkout'
Slack : 0.319
TNS   : 0.000

Type  : Slow 1200mV -40C Model Hold 'pll_100mEx01|altpll_component|auto_generated|pll1|clk[0]'
Slack : 0.323
TNS   : 0.000

Type  : Slow 1200mV -40C Model Hold 'altera_reserved_tck'
Slack : 0.332
TNS   : 0.000

Type  : Slow 1200mV -40C Model Hold 'osc_clk'
Slack : 0.332
TNS   : 0.000

Type  : Slow 1200mV -40C Model Hold 'laser_send_topEx01|n1|altpll_component|auto_generated|pll1|clk[0]'
Slack : 0.526
TNS   : 0.000

Type  : Slow 1200mV -40C Model Hold 'n/a'
Slack : 4.516
TNS   : 0.000

Type  : Slow 1200mV -40C Model Recovery 'laser_send_topEx01|n1|altpll_component|auto_generated|pll1|clk[0]'
Slack : -2.152
TNS   : -4.304

Type  : Slow 1200mV -40C Model Recovery 'rx_clkout'
Slack : 2.462
TNS   : 0.000

Type  : Slow 1200mV -40C Model Recovery 'pll_100mEx01|altpll_component|auto_generated|pll1|clk[0]'
Slack : 3.431
TNS   : 0.000

Type  : Slow 1200mV -40C Model Recovery 'osc_clk'
Slack : 16.424
TNS   : 0.000

Type  : Slow 1200mV -40C Model Recovery 'altera_reserved_tck'
Slack : 47.628
TNS   : 0.000

Type  : Slow 1200mV -40C Model Removal 'altera_reserved_tck'
Slack : 0.865
TNS   : 0.000

Type  : Slow 1200mV -40C Model Removal 'pll_100mEx01|altpll_component|auto_generated|pll1|clk[0]'
Slack : 2.633
TNS   : 0.000

Type  : Slow 1200mV -40C Model Removal 'osc_clk'
Slack : 2.855
TNS   : 0.000

Type  : Slow 1200mV -40C Model Removal 'rx_clkout'
Slack : 3.732
TNS   : 0.000

Type  : Slow 1200mV -40C Model Removal 'laser_send_topEx01|n1|altpll_component|auto_generated|pll1|clk[0]'
Slack : 4.973
TNS   : 0.000

Type  : Slow 1200mV -40C Model Minimum Pulse Width 'laser_send_topEx01|n1|altpll_component|auto_generated|pll1|clk[0]'
Slack : 1.500
TNS   : 0.000

Type  : Slow 1200mV -40C Model Minimum Pulse Width 'altgx_drive:altgx_driveEx01|ALTGX:ALTGXEx01|ALTGX_alt_c3gxb:ALTGX_alt_c3gxb_component|rx_pma_clockout[0]'
Slack : 2.000
TNS   : 0.000

Type  : Slow 1200mV -40C Model Minimum Pulse Width 'altgx_drive:altgx_driveEx01|ALTGX:ALTGXEx01|ALTGX_alt_c3gxb:ALTGX_alt_c3gxb_component|tx_localrefclk[0]'
Slack : 2.000
TNS   : 0.000

Type  : Slow 1200mV -40C Model Minimum Pulse Width 'rx_clkout'
Slack : 3.613
TNS   : 0.000

Type  : Slow 1200mV -40C Model Minimum Pulse Width 'altgx_driveEx01|ALTGXEx01|ALTGX_alt_c3gxb_component|receive_pcs0|recoveredclk'
Slack : 4.000
TNS   : 0.000

Type  : Slow 1200mV -40C Model Minimum Pulse Width 'altgx_driveEx01|ALTGXEx01|ALTGX_alt_c3gxb_component|transmit_pcs0|localrefclk'
Slack : 4.000
TNS   : 0.000

Type  : Slow 1200mV -40C Model Minimum Pulse Width 'pll_100mEx01|altpll_component|auto_generated|pll1|clk[0]'
Slack : 4.572
TNS   : 0.000

Type  : Slow 1200mV -40C Model Minimum Pulse Width 'osc_clk'
Slack : 9.633
TNS   : 0.000

Type  : Slow 1200mV -40C Model Minimum Pulse Width 'altera_reserved_tck'
Slack : 49.697
TNS   : 0.000

Type  : Fast 1200mV -40C Model Setup 'laser_send_topEx01|n1|altpll_component|auto_generated|pll1|clk[0]'
Slack : 3.511
TNS   : 0.000

Type  : Fast 1200mV -40C Model Setup 'rx_clkout'
Slack : 3.754
TNS   : 0.000

Type  : Fast 1200mV -40C Model Setup 'pll_100mEx01|altpll_component|auto_generated|pll1|clk[0]'
Slack : 5.560
TNS   : 0.000

Type  : Fast 1200mV -40C Model Setup 'n/a'
Slack : 15.707
TNS   : 0.000

Type  : Fast 1200mV -40C Model Setup 'osc_clk'
Slack : 17.936
TNS   : 0.000

Type  : Fast 1200mV -40C Model Setup 'altera_reserved_tck'
Slack : 46.243
TNS   : 0.000

Type  : Fast 1200mV -40C Model Hold 'pll_100mEx01|altpll_component|auto_generated|pll1|clk[0]'
Slack : 0.119
TNS   : 0.000

Type  : Fast 1200mV -40C Model Hold 'rx_clkout'
Slack : 0.122
TNS   : 0.000

Type  : Fast 1200mV -40C Model Hold 'altera_reserved_tck'
Slack : 0.171
TNS   : 0.000

Type  : Fast 1200mV -40C Model Hold 'osc_clk'
Slack : 0.172
TNS   : 0.000

Type  : Fast 1200mV -40C Model Hold 'laser_send_topEx01|n1|altpll_component|auto_generated|pll1|clk[0]'
Slack : 0.250
TNS   : 0.000

Type  : Fast 1200mV -40C Model Hold 'n/a'
Slack : 2.642
TNS   : 0.000

Type  : Fast 1200mV -40C Model Recovery 'laser_send_topEx01|n1|altpll_component|auto_generated|pll1|clk[0]'
Slack : 0.274
TNS   : 0.000

Type  : Fast 1200mV -40C Model Recovery 'rx_clkout'
Slack : 4.906
TNS   : 0.000

Type  : Fast 1200mV -40C Model Recovery 'pll_100mEx01|altpll_component|auto_generated|pll1|clk[0]'
Slack : 6.032
TNS   : 0.000

Type  : Fast 1200mV -40C Model Recovery 'osc_clk'
Slack : 17.920
TNS   : 0.000

Type  : Fast 1200mV -40C Model Recovery 'altera_reserved_tck'
Slack : 49.010
TNS   : 0.000

Type  : Fast 1200mV -40C Model Removal 'altera_reserved_tck'
Slack : 0.466
TNS   : 0.000

Type  : Fast 1200mV -40C Model Removal 'pll_100mEx01|altpll_component|auto_generated|pll1|clk[0]'
Slack : 1.558
TNS   : 0.000

Type  : Fast 1200mV -40C Model Removal 'osc_clk'
Slack : 1.680
TNS   : 0.000

Type  : Fast 1200mV -40C Model Removal 'rx_clkout'
Slack : 2.134
TNS   : 0.000

Type  : Fast 1200mV -40C Model Removal 'laser_send_topEx01|n1|altpll_component|auto_generated|pll1|clk[0]'
Slack : 3.096
TNS   : 0.000

Type  : Fast 1200mV -40C Model Minimum Pulse Width 'laser_send_topEx01|n1|altpll_component|auto_generated|pll1|clk[0]'
Slack : 1.770
TNS   : 0.000

Type  : Fast 1200mV -40C Model Minimum Pulse Width 'altgx_drive:altgx_driveEx01|ALTGX:ALTGXEx01|ALTGX_alt_c3gxb:ALTGX_alt_c3gxb_component|rx_pma_clockout[0]'
Slack : 2.000
TNS   : 0.000

Type  : Fast 1200mV -40C Model Minimum Pulse Width 'altgx_drive:altgx_driveEx01|ALTGX:ALTGXEx01|ALTGX_alt_c3gxb:ALTGX_alt_c3gxb_component|tx_localrefclk[0]'
Slack : 2.000
TNS   : 0.000

Type  : Fast 1200mV -40C Model Minimum Pulse Width 'rx_clkout'
Slack : 3.748
TNS   : 0.000

Type  : Fast 1200mV -40C Model Minimum Pulse Width 'altgx_driveEx01|ALTGXEx01|ALTGX_alt_c3gxb_component|receive_pcs0|recoveredclk'
Slack : 4.000
TNS   : 0.000

Type  : Fast 1200mV -40C Model Minimum Pulse Width 'altgx_driveEx01|ALTGXEx01|ALTGX_alt_c3gxb_component|transmit_pcs0|localrefclk'
Slack : 4.000
TNS   : 0.000

Type  : Fast 1200mV -40C Model Minimum Pulse Width 'pll_100mEx01|altpll_component|auto_generated|pll1|clk[0]'
Slack : 4.744
TNS   : 0.000

Type  : Fast 1200mV -40C Model Minimum Pulse Width 'osc_clk'
Slack : 9.732
TNS   : 0.000

Type  : Fast 1200mV -40C Model Minimum Pulse Width 'altera_reserved_tck'
Slack : 49.412
TNS   : 0.000

------------------------------------------------------------
